2026-08-04 11:53:06.739 +03:00 [WRN] The 'StaffStatus' property 'Status' on entity type 'Staff' is configured with a database-generated default, but has no configured sentinel value. The database-generated default will always be used for inserts when the property has the value 'Inactive', since this is the CLR default for the 'StaffStatus' type. Consider using a nullable type, using a nullable backing field, or setting the sentinel value for the property to ensure the database default is used when, and only when, appropriate. See https://aka.ms/efcore-docs-default-values for more information.
2026-08-04 11:53:08.799 +03:00 [INF] Kiosk QR deep-link base: http://192.168.1.2:4200/scan — phones must be able to reach this host.
2026-08-04 11:53:08.800 +03:00 [INF] Public Employee ID QR base URL: https://192.168.1.2:4200/employee-id — generated QR codes will resolve to this address.
2026-08-04 11:53:08.851 +03:00 [INF] QR token expiry sweep started (interval 5s).
2026-08-04 11:53:08.920 +03:00 [INF] Now listening on: http://0.0.0.0:5080
2026-08-04 11:53:08.921 +03:00 [INF] Application started. Press Ctrl+C to shut down.
2026-08-04 11:53:08.922 +03:00 [INF] Hosting environment: Development
2026-08-04 11:53:08.922 +03:00 [INF] Content root path: C:\employer\src\Attendance.Api
2026-08-04 11:53:14.097 +03:00 [INF] Expired 1 stale QR token(s); a replacement was pushed to the kiosk.
2026-08-04 11:53:33.881 +03:00 [INF] Expired 1 stale QR token(s); a replacement was pushed to the kiosk.
2026-08-04 11:53:48.883 +03:00 [INF] Expired 1 stale QR token(s); a replacement was pushed to the kiosk.
2026-08-04 11:53:57.574 +03:00 [INF] HTTP POST /api/auth/login responded 200 in 504.3139 ms
2026-08-04 11:53:57.869 +03:00 [INF] HTTP GET /api/staff responded 200 in 213.6425 ms
2026-08-04 11:54:00.696 +03:00 [INF] HTTP POST /hubs/attendance/negotiate responded 200 in 12.0992 ms
2026-08-04 11:54:00.988 +03:00 [INF] HTTP GET /api/reports/live-dashboard responded 200 in 109.8513 ms
2026-08-04 11:54:08.877 +03:00 [INF] Expired 1 stale QR token(s); a replacement was pushed to the kiosk.
2026-08-04 11:54:12.506 +03:00 [INF] HTTP GET /api/reports/payroll responded 200 in 46.5890 ms
2026-08-04 11:54:28.883 +03:00 [INF] Expired 1 stale QR token(s); a replacement was pushed to the kiosk.
2026-08-04 11:54:29.517 +03:00 [INF] HTTP GET /api/staff responded 200 in 7.6920 ms
2026-08-04 11:54:31.361 +03:00 [INF] HTTP GET /api/staff/1 responded 200 in 40.0866 ms
2026-08-04 11:54:31.631 +03:00 [INF] HTTP GET /api/staff/1/qrcode responded 200 in 42.0463 ms
2026-08-04 11:54:32.014 +03:00 [INF] HTTP GET /staff-photos/EMP-0001/EMP-0001.png responded 200 in 17.0188 ms
2026-08-04 11:54:43.853 +03:00 [INF] HTTP GET /api/staff responded 200 in 4.9960 ms
2026-08-04 11:54:43.919 +03:00 [INF] Expired 1 stale QR token(s); a replacement was pushed to the kiosk.
2026-08-04 11:54:46.715 +03:00 [INF] HTTP GET /api/staff/1 responded 200 in 4.5451 ms
2026-08-04 11:54:46.990 +03:00 [INF] HTTP GET /api/staff/1/qrcode responded 200 in 6.9833 ms
2026-08-04 11:54:47.347 +03:00 [INF] HTTP GET /staff-photos/EMP-0001/EMP-0001.png responded 200 in 1.6007 ms
2026-08-04 11:55:03.877 +03:00 [INF] Expired 1 stale QR token(s); a replacement was pushed to the kiosk.
2026-08-04 11:55:23.875 +03:00 [INF] Expired 1 stale QR token(s); a replacement was pushed to the kiosk.
2026-08-04 11:55:43.868 +03:00 [INF] Expired 1 stale QR token(s); a replacement was pushed to the kiosk.
2026-08-04 11:56:03.879 +03:00 [INF] Expired 1 stale QR token(s); a replacement was pushed to the kiosk.
2026-08-04 11:56:23.866 +03:00 [INF] Expired 1 stale QR token(s); a replacement was pushed to the kiosk.
2026-08-04 11:56:43.866 +03:00 [INF] Expired 1 stale QR token(s); a replacement was pushed to the kiosk.
2026-08-04 11:56:48.559 +03:00 [INF] Application is shutting down...
2026-08-04 11:56:48.567 +03:00 [INF] HTTP GET /hubs/attendance responded 101 in 167241.3633 ms
2026-08-04 11:57:00.864 +03:00 [WRN] The 'StaffStatus' property 'Status' on entity type 'Staff' is configured with a database-generated default, but has no configured sentinel value. The database-generated default will always be used for inserts when the property has the value 'Inactive', since this is the CLR default for the 'StaffStatus' type. Consider using a nullable type, using a nullable backing field, or setting the sentinel value for the property to ensure the database default is used when, and only when, appropriate. See https://aka.ms/efcore-docs-default-values for more information.
2026-08-04 11:57:01.565 +03:00 [INF] Kiosk QR deep-link base: http://192.168.1.30:4200/scan — phones must be able to reach this host.
2026-08-04 11:57:01.566 +03:00 [INF] Public Employee ID QR base URL: https://192.168.1.30:4200/employee-id — generated QR codes will resolve to this address.
2026-08-04 11:57:01.583 +03:00 [INF] QR token expiry sweep started (interval 5s).
2026-08-04 11:57:01.611 +03:00 [INF] Now listening on: http://0.0.0.0:5080
2026-08-04 11:57:01.612 +03:00 [INF] Application started. Press Ctrl+C to shut down.
2026-08-04 11:57:01.613 +03:00 [INF] Hosting environment: Development
2026-08-04 11:57:01.613 +03:00 [INF] Content root path: C:\employer\src\Attendance.Api
2026-08-04 11:57:03.246 +03:00 [INF] HTTP POST /hubs/attendance/negotiate responded 200 in 34.3309 ms
2026-08-04 11:57:06.651 +03:00 [INF] Expired 1 stale QR token(s); a replacement was pushed to the kiosk.
2026-08-04 11:57:21.596 +03:00 [INF] Expired 1 stale QR token(s); a replacement was pushed to the kiosk.
2026-08-04 11:57:22.960 +03:00 [INF] HTTP GET /hubs/attendance responded 101 in 19088.2398 ms
2026-08-04 11:57:26.580 +03:00 [INF] Expired 1 stale QR token(s); a replacement was pushed to the kiosk.
2026-08-04 11:57:41.587 +03:00 [INF] Expired 1 stale QR token(s); a replacement was pushed to the kiosk.
2026-08-04 11:57:46.595 +03:00 [INF] Expired 1 stale QR token(s); a replacement was pushed to the kiosk.
2026-08-04 11:58:01.597 +03:00 [INF] Expired 1 stale QR token(s); a replacement was pushed to the kiosk.
2026-08-04 11:58:06.599 +03:00 [INF] Expired 1 stale QR token(s); a replacement was pushed to the kiosk.
2026-08-04 11:58:14.803 +03:00 [INF] HTTP POST /hubs/attendance/negotiate responded 200 in 3.6742 ms
2026-08-04 11:58:17.746 +03:00 [INF] HTTP GET /hubs/attendance responded 101 in 2314.3719 ms
2026-08-04 11:58:18.425 +03:00 [INF] HTTP GET /api/staff/1 responded 200 in 244.7642 ms
2026-08-04 11:58:18.451 +03:00 [INF] HTTP GET /staff-photos/EMP-0001/EMP-0001.png responded 200 in 10.8033 ms
2026-08-04 11:58:18.464 +03:00 [INF] HTTP GET /api/staff/1/qrcode responded 200 in 26.7479 ms
2026-08-04 11:58:21.592 +03:00 [INF] Expired 1 stale QR token(s); a replacement was pushed to the kiosk.
2026-08-04 11:58:26.597 +03:00 [INF] Expired 1 stale QR token(s); a replacement was pushed to the kiosk.
2026-08-04 11:58:41.584 +03:00 [INF] Expired 1 stale QR token(s); a replacement was pushed to the kiosk.
2026-08-04 11:58:46.589 +03:00 [INF] Expired 1 stale QR token(s); a replacement was pushed to the kiosk.
2026-08-04 11:58:58.276 +03:00 [INF] HTTP GET /api/staff/identify/EMP-0001 responded 200 in 33.3184 ms
2026-08-04 11:58:58.894 +03:00 [INF] HTTP GET /staff-photos/EMP-0001/EMP-0001.png responded 200 in 4.1576 ms
2026-08-04 11:59:01.592 +03:00 [INF] Expired 1 stale QR token(s); a replacement was pushed to the kiosk.
2026-08-04 11:59:06.591 +03:00 [INF] Expired 1 stale QR token(s); a replacement was pushed to the kiosk.
2026-08-04 11:59:21.597 +03:00 [INF] Expired 1 stale QR token(s); a replacement was pushed to the kiosk.
2026-08-04 11:59:26.588 +03:00 [INF] Expired 1 stale QR token(s); a replacement was pushed to the kiosk.
2026-08-04 11:59:35.441 +03:00 [INF] HTTP POST /hubs/attendance/negotiate responded 200 in 0.6396 ms
2026-08-04 11:59:41.594 +03:00 [INF] Expired 1 stale QR token(s); a replacement was pushed to the kiosk.
2026-08-04 11:59:46.593 +03:00 [INF] Expired 1 stale QR token(s); a replacement was pushed to the kiosk.
2026-08-04 12:00:01.597 +03:00 [INF] Expired 1 stale QR token(s); a replacement was pushed to the kiosk.
2026-08-04 12:00:06.584 +03:00 [INF] Expired 1 stale QR token(s); a replacement was pushed to the kiosk.
2026-08-04 12:00:16.311 +03:00 [INF] HTTP GET /api/staff/identify/EMP-0001 responded 200 in 3.3175 ms
2026-08-04 12:00:16.639 +03:00 [INF] HTTP GET /staff-photos/EMP-0001/EMP-0001.png responded 200 in 1.0519 ms
2026-08-04 12:00:21.591 +03:00 [INF] Expired 1 stale QR token(s); a replacement was pushed to the kiosk.
2026-08-04 12:00:26.591 +03:00 [INF] Expired 1 stale QR token(s); a replacement was pushed to the kiosk.
2026-08-04 12:00:41.600 +03:00 [INF] Expired 1 stale QR token(s); a replacement was pushed to the kiosk.
2026-08-04 12:00:46.597 +03:00 [INF] Expired 1 stale QR token(s); a replacement was pushed to the kiosk.
2026-08-04 12:01:01.594 +03:00 [INF] Expired 1 stale QR token(s); a replacement was pushed to the kiosk.
2026-08-04 12:01:06.584 +03:00 [INF] Expired 1 stale QR token(s); a replacement was pushed to the kiosk.
2026-08-04 12:01:21.594 +03:00 [INF] Expired 2 stale QR token(s); a replacement was pushed to the kiosk.
2026-08-04 12:01:38.441 +03:00 [INF] HTTP POST /api/auth/login responded 200 in 158.2780 ms
2026-08-04 12:01:40.527 +03:00 [INF] HTTP POST /hubs/attendance/negotiate responded 200 in 0.4477 ms
2026-08-04 12:01:40.780 +03:00 [INF] HTTP GET /api/reports/live-dashboard responded 200 in 95.8161 ms
2026-08-04 12:01:41.589 +03:00 [INF] Expired 1 stale QR token(s); a replacement was pushed to the kiosk.
2026-08-04 12:01:43.117 +03:00 [INF] HTTP GET /api/reports/payroll responded 200 in 40.9711 ms
2026-08-04 12:01:44.748 +03:00 [INF] HTTP GET /api/staff responded 200 in 72.0097 ms
2026-08-04 12:01:46.573 +03:00 [INF] HTTP GET /api/slots responded 200 in 43.5385 ms
2026-08-04 12:01:53.360 +03:00 [INF] QR scan attempt: StaffId=1 Token=3967ca13… Outcome="Success" Ip=127.0.0.1
2026-08-04 12:01:53.481 +03:00 [INF] HTTP POST /api/attendance/scan responded 200 in 193.8100 ms
2026-08-04 12:01:56.582 +03:00 [INF] Expired 1 stale QR token(s); a replacement was pushed to the kiosk.
2026-08-04 12:01:59.472 +03:00 [INF] HTTP GET /api/reports/live-dashboard responded 200 in 6.9502 ms
2026-08-04 12:02:07.599 +03:00 [INF] HTTP GET /api/reports/daily responded 200 in 21.8794 ms
2026-08-04 12:02:11.594 +03:00 [INF] Expired 2 stale QR token(s); a replacement was pushed to the kiosk.
2026-08-04 12:02:31.583 +03:00 [INF] Expired 1 stale QR token(s); a replacement was pushed to the kiosk.
2026-08-04 12:02:46.596 +03:00 [INF] Expired 1 stale QR token(s); a replacement was pushed to the kiosk.
2026-08-04 12:02:57.631 +03:00 [INF] QR scan attempt: StaffId=1 Token=49a0c5ca… Outcome="Success" Ip=127.0.0.1
2026-08-04 12:02:57.637 +03:00 [ERR] HTTP POST /api/attendance/scan responded 500 in 15.8023 ms
Attendance.Application.Exceptions.DuplicateAttendanceException: You have already checked in for this slot today.
   at Attendance.Application.Services.AttendanceService.RecordAttendanceAsync(Int32 staffId, Int32 qrSessionId) in C:\employer\src\Attendance.Application\Services\AttendanceService.cs:line 68
   at Attendance.Api.Controllers.AttendanceController.Scan(ScanRequestDto request) in C:\employer\src\Attendance.Api\Controllers\AttendanceController.cs:line 68
   at Microsoft.AspNetCore.Mvc.Infrastructure.ActionMethodExecutor.TaskOfIActionResultExecutor.Execute(ActionContext actionContext, IActionResultTypeMapper mapper, ObjectMethodExecutor executor, Object controller, Object[] arguments)
   at Microsoft.AspNetCore.Mvc.Infrastructure.ControllerActionInvoker.<InvokeActionMethodAsync>g__Awaited|12_0(ControllerActionInvoker invoker, ValueTask`1 actionResultValueTask)
   at Microsoft.AspNetCore.Mvc.Infrastructure.ControllerActionInvoker.<InvokeNextActionFilterAsync>g__Awaited|10_0(ControllerActionInvoker invoker, Task lastTask, State next, Scope scope, Object state, Boolean isCompleted)
   at Microsoft.AspNetCore.Mvc.Infrastructure.ControllerActionInvoker.Rethrow(ActionExecutedContextSealed context)
   at Microsoft.AspNetCore.Mvc.Infrastructure.ControllerActionInvoker.Next(State& next, Scope& scope, Object& state, Boolean& isCompleted)
   at Microsoft.AspNetCore.Mvc.Infrastructure.ControllerActionInvoker.<InvokeInnerFilterAsync>g__Awaited|13_0(ControllerActionInvoker invoker, Task lastTask, State next, Scope scope, Object state, Boolean isCompleted)
   at Microsoft.AspNetCore.Mvc.Infrastructure.ResourceInvoker.<InvokeFilterPipelineAsync>g__Awaited|20_0(ResourceInvoker invoker, Task lastTask, State next, Scope scope, Object state, Boolean isCompleted)
   at Microsoft.AspNetCore.Mvc.Infrastructure.ResourceInvoker.<InvokeAsync>g__Awaited|17_0(ResourceInvoker invoker, Task task, IDisposable scope)
   at Microsoft.AspNetCore.Mvc.Infrastructure.ResourceInvoker.<InvokeAsync>g__Awaited|17_0(ResourceInvoker invoker, Task task, IDisposable scope)
   at Microsoft.AspNetCore.Authorization.AuthorizationMiddleware.Invoke(HttpContext context)
   at Microsoft.AspNetCore.Authentication.AuthenticationMiddleware.Invoke(HttpContext context)
   at Swashbuckle.AspNetCore.SwaggerUI.SwaggerUIMiddleware.Invoke(HttpContext httpContext)
   at Swashbuckle.AspNetCore.Swagger.SwaggerMiddleware.Invoke(HttpContext httpContext, ISwaggerProvider swaggerProvider)
   at Serilog.AspNetCore.RequestLoggingMiddleware.Invoke(HttpContext httpContext)
2026-08-04 12:02:57.816 +03:00 [WRN] Request fault 409 on POST /api/attendance/scan: You have already checked in for this slot today.
2026-08-04 12:03:16.581 +03:00 [INF] Expired 1 stale QR token(s); a replacement was pushed to the kiosk.
2026-08-04 12:03:36.588 +03:00 [INF] Expired 1 stale QR token(s); a replacement was pushed to the kiosk.
2026-08-04 12:03:55.617 +03:00 [INF] HTTP GET /api/staff responded 200 in 4.8807 ms
2026-08-04 12:03:56.588 +03:00 [INF] Expired 1 stale QR token(s); a replacement was pushed to the kiosk.
2026-08-04 12:03:57.336 +03:00 [INF] HTTP GET /api/slots responded 200 in 3.9615 ms
2026-08-04 12:04:01.359 +03:00 [INF] HTTP GET /api/reports/daily responded 200 in 5.0718 ms
2026-08-04 12:04:02.813 +03:00 [INF] HTTP GET /api/reports/live-dashboard responded 200 in 6.6986 ms
2026-08-04 12:04:12.258 +03:00 [INF] HTTP GET /api/reports/payroll responded 200 in 4.6310 ms
2026-08-04 12:04:12.976 +03:00 [INF] HTTP GET /api/reports/live-dashboard responded 200 in 6.6886 ms
2026-08-04 12:04:16.585 +03:00 [INF] Expired 1 stale QR token(s); a replacement was pushed to the kiosk.
2026-08-04 12:04:18.255 +03:00 [INF] HTTP GET /api/reports/payroll responded 200 in 3.9003 ms
2026-08-04 12:04:36.591 +03:00 [INF] Expired 1 stale QR token(s); a replacement was pushed to the kiosk.
2026-08-04 12:04:56.576 +03:00 [INF] Expired 1 stale QR token(s); a replacement was pushed to the kiosk.
2026-08-04 12:05:11.594 +03:00 [INF] Expired 1 stale QR token(s); a replacement was pushed to the kiosk.
2026-08-04 12:05:31.586 +03:00 [INF] Expired 1 stale QR token(s); a replacement was pushed to the kiosk.
2026-08-04 12:05:51.589 +03:00 [INF] Expired 1 stale QR token(s); a replacement was pushed to the kiosk.
2026-08-04 12:06:11.584 +03:00 [INF] Expired 1 stale QR token(s); a replacement was pushed to the kiosk.
2026-08-04 12:06:26.593 +03:00 [INF] Expired 1 stale QR token(s); a replacement was pushed to the kiosk.
2026-08-04 12:06:46.592 +03:00 [INF] Expired 1 stale QR token(s); a replacement was pushed to the kiosk.
2026-08-04 12:07:06.589 +03:00 [INF] Expired 1 stale QR token(s); a replacement was pushed to the kiosk.
2026-08-04 12:07:26.590 +03:00 [INF] Expired 1 stale QR token(s); a replacement was pushed to the kiosk.
2026-08-04 12:07:46.582 +03:00 [INF] Expired 1 stale QR token(s); a replacement was pushed to the kiosk.
2026-08-04 12:08:01.591 +03:00 [INF] Expired 1 stale QR token(s); a replacement was pushed to the kiosk.
2026-08-04 12:08:21.585 +03:00 [INF] Expired 1 stale QR token(s); a replacement was pushed to the kiosk.
2026-08-04 12:08:41.584 +03:00 [INF] Expired 1 stale QR token(s); a replacement was pushed to the kiosk.
2026-08-04 12:09:01.588 +03:00 [INF] Expired 1 stale QR token(s); a replacement was pushed to the kiosk.
2026-08-04 12:09:21.583 +03:00 [INF] Expired 1 stale QR token(s); a replacement was pushed to the kiosk.
2026-08-04 12:09:36.595 +03:00 [INF] Expired 1 stale QR token(s); a replacement was pushed to the kiosk.
2026-08-04 12:09:56.589 +03:00 [INF] Expired 1 stale QR token(s); a replacement was pushed to the kiosk.
2026-08-04 12:10:16.589 +03:00 [INF] Expired 1 stale QR token(s); a replacement was pushed to the kiosk.
2026-08-04 12:10:36.585 +03:00 [INF] Expired 1 stale QR token(s); a replacement was pushed to the kiosk.
2026-08-04 12:10:56.584 +03:00 [INF] Expired 1 stale QR token(s); a replacement was pushed to the kiosk.
2026-08-04 12:11:16.583 +03:00 [INF] Expired 1 stale QR token(s); a replacement was pushed to the kiosk.
2026-08-04 12:11:31.593 +03:00 [INF] Expired 1 stale QR token(s); a replacement was pushed to the kiosk.
2026-08-04 12:11:51.587 +03:00 [INF] Expired 1 stale QR token(s); a replacement was pushed to the kiosk.
2026-08-04 12:12:11.589 +03:00 [INF] Expired 1 stale QR token(s); a replacement was pushed to the kiosk.
2026-08-04 12:12:31.589 +03:00 [INF] Expired 1 stale QR token(s); a replacement was pushed to the kiosk.
2026-08-04 12:12:51.592 +03:00 [INF] Expired 1 stale QR token(s); a replacement was pushed to the kiosk.
2026-08-04 12:13:11.595 +03:00 [INF] Expired 1 stale QR token(s); a replacement was pushed to the kiosk.
2026-08-04 12:13:31.581 +03:00 [INF] Expired 1 stale QR token(s); a replacement was pushed to the kiosk.
2026-08-04 12:13:51.587 +03:00 [INF] Expired 1 stale QR token(s); a replacement was pushed to the kiosk.
2026-08-04 12:14:11.586 +03:00 [INF] Expired 1 stale QR token(s); a replacement was pushed to the kiosk.
2026-08-04 12:14:31.593 +03:00 [INF] Expired 1 stale QR token(s); a replacement was pushed to the kiosk.
2026-08-04 12:14:51.586 +03:00 [INF] Expired 1 stale QR token(s); a replacement was pushed to the kiosk.
2026-08-04 12:15:06.595 +03:00 [INF] Expired 1 stale QR token(s); a replacement was pushed to the kiosk.
2026-08-04 12:15:26.580 +03:00 [INF] Expired 1 stale QR token(s); a replacement was pushed to the kiosk.
2026-08-04 12:15:41.593 +03:00 [INF] Expired 1 stale QR token(s); a replacement was pushed to the kiosk.
2026-08-04 12:16:01.591 +03:00 [INF] Expired 1 stale QR token(s); a replacement was pushed to the kiosk.
2026-08-04 12:16:21.579 +03:00 [INF] Expired 1 stale QR token(s); a replacement was pushed to the kiosk.
2026-08-04 12:16:36.587 +03:00 [INF] Expired 1 stale QR token(s); a replacement was pushed to the kiosk.
2026-08-04 12:16:56.588 +03:00 [INF] Expired 1 stale QR token(s); a replacement was pushed to the kiosk.
2026-08-04 12:17:00.835 +03:00 [INF] Application is shutting down...
2026-08-04 12:17:00.837 +03:00 [INF] HTTP GET /hubs/attendance responded 101 in 919665.7346 ms
2026-08-04 12:17:00.844 +03:00 [INF] HTTP GET /hubs/attendance responded 101 in 1044769.0222 ms
2026-08-04 14:09:10.930 +03:00 [WRN] The 'StaffStatus' property 'Status' on entity type 'Staff' is configured with a database-generated default, but has no configured sentinel value. The database-generated default will always be used for inserts when the property has the value 'Inactive', since this is the CLR default for the 'StaffStatus' type. Consider using a nullable type, using a nullable backing field, or setting the sentinel value for the property to ensure the database default is used when, and only when, appropriate. See https://aka.ms/efcore-docs-default-values for more information.
2026-08-04 14:09:13.076 +03:00 [INF] Kiosk QR deep-link base: http://192.168.1.30:4200/scan — phones must be able to reach this host.
2026-08-04 14:09:13.078 +03:00 [INF] Public Employee ID QR base URL: https://192.168.1.30:4200/employee-id — generated QR codes will resolve to this address.
2026-08-04 14:09:13.130 +03:00 [INF] QR token expiry sweep started (interval 5s).
2026-08-04 14:09:13.197 +03:00 [INF] Now listening on: http://0.0.0.0:5080
2026-08-04 14:09:13.198 +03:00 [INF] Application started. Press Ctrl+C to shut down.
2026-08-04 14:09:13.199 +03:00 [INF] Hosting environment: Development
2026-08-04 14:09:13.200 +03:00 [INF] Content root path: C:\employer\src\Attendance.Api
2026-08-04 14:09:18.384 +03:00 [INF] Expired 1 stale QR token(s); a replacement was pushed to the kiosk.
2026-08-04 14:09:38.152 +03:00 [INF] Expired 1 stale QR token(s); a replacement was pushed to the kiosk.
2026-08-04 14:09:45.587 +03:00 [INF] HTTP GET /api/reports/live-dashboard responded 401 in 34.9428 ms
2026-08-04 14:09:45.587 +03:00 [INF] HTTP GET /api/reports/payroll responded 401 in 193.5031 ms
2026-08-04 14:09:45.906 +03:00 [INF] HTTP POST /hubs/attendance/negotiate responded 200 in 11.1065 ms
2026-08-04 14:09:53.156 +03:00 [INF] Expired 1 stale QR token(s); a replacement was pushed to the kiosk.
2026-08-04 14:10:10.867 +03:00 [INF] HTTP POST /api/auth/login responded 200 in 248.5864 ms
2026-08-04 14:10:11.710 +03:00 [INF] HTTP GET /api/staff responded 200 in 159.8640 ms
2026-08-04 14:10:13.143 +03:00 [INF] Expired 1 stale QR token(s); a replacement was pushed to the kiosk.
2026-08-04 14:10:13.869 +03:00 [INF] HTTP GET /api/slots responded 200 in 40.4950 ms
2026-08-04 14:10:16.964 +03:00 [INF] HTTP GET /api/reports/daily responded 200 in 83.8632 ms
2026-08-04 14:10:19.766 +03:00 [INF] HTTP GET /api/staff responded 200 in 7.2172 ms
2026-08-04 14:10:22.949 +03:00 [INF] HTTP GET /api/reports/payroll responded 200 in 42.5660 ms
2026-08-04 14:10:28.167 +03:00 [INF] Expired 1 stale QR token(s); a replacement was pushed to the kiosk.
2026-08-04 14:10:48.181 +03:00 [INF] Expired 1 stale QR token(s); a replacement was pushed to the kiosk.
2026-08-04 14:11:03.194 +03:00 [INF] Expired 1 stale QR token(s); a replacement was pushed to the kiosk.
2026-08-04 14:11:08.501 +03:00 [INF] HTTP GET /api/reports/live-dashboard responded 200 in 34.3912 ms
2026-08-04 14:11:10.787 +03:00 [INF] HTTP GET /api/reports/payroll responded 200 in 5.4868 ms
2026-08-04 14:11:23.156 +03:00 [INF] Expired 1 stale QR token(s); a replacement was pushed to the kiosk.
2026-08-04 14:11:38.649 +03:00 [INF] HTTP GET /api/slots responded 200 in 4.9770 ms
2026-08-04 14:11:40.348 +03:00 [INF] HTTP GET /api/reports/daily responded 200 in 4.2636 ms
2026-08-04 14:11:43.147 +03:00 [INF] Expired 1 stale QR token(s); a replacement was pushed to the kiosk.
2026-08-04 14:11:56.474 +03:00 [INF] HTTP PUT /api/reports/absence-reason responded 204 in 116.3428 ms
2026-08-04 14:11:56.488 +03:00 [ERR] Failed executing DbCommand (4ms) [Parameters=[], CommandType='"Text"', CommandTimeout='30']
SELECT [s].[StaffId], [s].[UniqueCode], [s].[FullName], [s].[DepartmentId], [d].[DepartmentName]
FROM [Staff] AS [s]
INNER JOIN [Department] AS [d] ON [s].[DepartmentId] = [d].[DepartmentId]
WHERE [s].[Status] = CAST(1 AS tinyint)
ORDER BY [s].[UniqueCode]
2026-08-04 14:11:56.507 +03:00 [ERR] An exception occurred while iterating over the results of a query for context type 'Attendance.Infrastructure.Data.ApplicationDbContext'.
System.InvalidOperationException: Invalid operation. The connection is closed.
   at System.Threading.Tasks.ContinuationResultTaskFromResultTask`2.InnerInvoke()
   at System.Threading.ExecutionContext.RunInternal(ExecutionContext executionContext, ContextCallback callback, Object state)
--- End of stack trace from previous location ---
   at System.Threading.ExecutionContext.RunInternal(ExecutionContext executionContext, ContextCallback callback, Object state)
   at System.Threading.Tasks.Task.ExecuteWithThreadLocal(Task& currentTaskSlot, Thread threadPoolThread)
--- End of stack trace from previous location ---
   at Microsoft.EntityFrameworkCore.Storage.RelationalCommand.ExecuteReaderAsync(RelationalCommandParameterObject parameterObject, CancellationToken cancellationToken)
   at Microsoft.EntityFrameworkCore.Storage.RelationalCommand.ExecuteReaderAsync(RelationalCommandParameterObject parameterObject, CancellationToken cancellationToken)
   at Microsoft.EntityFrameworkCore.Query.Internal.SingleQueryingEnumerable`1.AsyncEnumerator.InitializeReaderAsync(AsyncEnumerator enumerator, CancellationToken cancellationToken)
   at Microsoft.EntityFrameworkCore.SqlServer.Storage.Internal.SqlServerExecutionStrategy.ExecuteAsync[TState,TResult](TState state, Func`4 operation, Func`4 verifySucceeded, CancellationToken cancellationToken)
   at Microsoft.EntityFrameworkCore.Query.Internal.SingleQueryingEnumerable`1.AsyncEnumerator.MoveNextAsync()
System.InvalidOperationException: Invalid operation. The connection is closed.
   at System.Threading.Tasks.ContinuationResultTaskFromResultTask`2.InnerInvoke()
   at System.Threading.ExecutionContext.RunInternal(ExecutionContext executionContext, ContextCallback callback, Object state)
--- End of stack trace from previous location ---
   at System.Threading.ExecutionContext.RunInternal(ExecutionContext executionContext, ContextCallback callback, Object state)
   at System.Threading.Tasks.Task.ExecuteWithThreadLocal(Task& currentTaskSlot, Thread threadPoolThread)
--- End of stack trace from previous location ---
   at Microsoft.EntityFrameworkCore.Storage.RelationalCommand.ExecuteReaderAsync(RelationalCommandParameterObject parameterObject, CancellationToken cancellationToken)
   at Microsoft.EntityFrameworkCore.Storage.RelationalCommand.ExecuteReaderAsync(RelationalCommandParameterObject parameterObject, CancellationToken cancellationToken)
   at Microsoft.EntityFrameworkCore.Query.Internal.SingleQueryingEnumerable`1.AsyncEnumerator.InitializeReaderAsync(AsyncEnumerator enumerator, CancellationToken cancellationToken)
   at Microsoft.EntityFrameworkCore.SqlServer.Storage.Internal.SqlServerExecutionStrategy.ExecuteAsync[TState,TResult](TState state, Func`4 operation, Func`4 verifySucceeded, CancellationToken cancellationToken)
   at Microsoft.EntityFrameworkCore.Query.Internal.SingleQueryingEnumerable`1.AsyncEnumerator.MoveNextAsync()
2026-08-04 14:11:57.196 +03:00 [INF] HTTP GET /api/reports/daily responded 200 in 75.7841 ms
2026-08-04 14:12:03.148 +03:00 [INF] Expired 1 stale QR token(s); a replacement was pushed to the kiosk.
2026-08-04 14:12:05.155 +03:00 [INF] HTTP GET /api/reports/live-dashboard responded 200 in 8.1861 ms
2026-08-04 14:12:09.254 +03:00 [INF] HTTP GET /api/staff responded 200 in 27.3553 ms
2026-08-04 14:12:13.025 +03:00 [INF] HTTP GET /api/staff/1 responded 200 in 25.6387 ms
2026-08-04 14:12:13.678 +03:00 [INF] HTTP GET /api/staff/1/qrcode responded 200 in 17.0006 ms
2026-08-04 14:12:13.681 +03:00 [INF] HTTP GET /staff-photos/EMP-0001/EMP-0001.png responded 200 in 18.2698 ms
2026-08-04 14:12:18.160 +03:00 [INF] Expired 1 stale QR token(s); a replacement was pushed to the kiosk.
2026-08-04 14:12:38.147 +03:00 [INF] Expired 1 stale QR token(s); a replacement was pushed to the kiosk.
2026-08-04 14:12:58.145 +03:00 [INF] Expired 1 stale QR token(s); a replacement was pushed to the kiosk.
2026-08-04 14:13:18.149 +03:00 [INF] Expired 1 stale QR token(s); a replacement was pushed to the kiosk.
2026-08-04 14:13:38.152 +03:00 [INF] Expired 1 stale QR token(s); a replacement was pushed to the kiosk.
2026-08-04 14:13:53.214 +03:00 [INF] HTTP GET /api/staff/identify/EMP-0001 responded 200 in 36.4703 ms
2026-08-04 14:13:53.474 +03:00 [INF] HTTP GET /staff-photos/EMP-0001/EMP-0001.png responded 200 in 1.5746 ms
2026-08-04 14:13:58.149 +03:00 [INF] Expired 1 stale QR token(s); a replacement was pushed to the kiosk.
2026-08-04 14:14:18.152 +03:00 [INF] Expired 1 stale QR token(s); a replacement was pushed to the kiosk.
2026-08-04 14:14:38.151 +03:00 [INF] Expired 1 stale QR token(s); a replacement was pushed to the kiosk.
2026-08-04 14:14:58.151 +03:00 [INF] Expired 1 stale QR token(s); a replacement was pushed to the kiosk.
2026-08-04 14:15:18.150 +03:00 [INF] Expired 1 stale QR token(s); a replacement was pushed to the kiosk.
2026-08-04 14:15:38.146 +03:00 [INF] Expired 1 stale QR token(s); a replacement was pushed to the kiosk.
2026-08-04 14:15:58.144 +03:00 [INF] Expired 1 stale QR token(s); a replacement was pushed to the kiosk.
2026-08-04 14:16:18.147 +03:00 [INF] Expired 1 stale QR token(s); a replacement was pushed to the kiosk.
2026-08-04 14:16:38.143 +03:00 [INF] Expired 1 stale QR token(s); a replacement was pushed to the kiosk.
2026-08-04 14:16:53.153 +03:00 [INF] Expired 1 stale QR token(s); a replacement was pushed to the kiosk.
2026-08-04 14:17:13.146 +03:00 [INF] Expired 1 stale QR token(s); a replacement was pushed to the kiosk.
2026-08-04 14:17:28.155 +03:00 [INF] Expired 1 stale QR token(s); a replacement was pushed to the kiosk.
2026-08-04 14:17:48.154 +03:00 [INF] Expired 1 stale QR token(s); a replacement was pushed to the kiosk.
2026-08-04 14:18:08.142 +03:00 [INF] Expired 1 stale QR token(s); a replacement was pushed to the kiosk.
2026-08-04 14:18:23.175 +03:00 [INF] Expired 1 stale QR token(s); a replacement was pushed to the kiosk.
2026-08-04 14:18:43.156 +03:00 [INF] Expired 1 stale QR token(s); a replacement was pushed to the kiosk.
2026-08-04 14:19:02.605 +03:00 [INF] HTTP GET /api/staff responded 200 in 4.5377 ms
2026-08-04 14:19:03.151 +03:00 [INF] Expired 1 stale QR token(s); a replacement was pushed to the kiosk.
2026-08-04 14:19:21.102 +03:00 [INF] HTTP GET /api/departments responded 200 in 24.8066 ms
2026-08-04 14:19:23.147 +03:00 [INF] Expired 1 stale QR token(s); a replacement was pushed to the kiosk.
2026-08-04 14:19:38.155 +03:00 [INF] Expired 1 stale QR token(s); a replacement was pushed to the kiosk.
2026-08-04 14:19:58.151 +03:00 [INF] Expired 1 stale QR token(s); a replacement was pushed to the kiosk.
2026-08-04 14:20:18.140 +03:00 [INF] Expired 1 stale QR token(s); a replacement was pushed to the kiosk.
2026-08-04 14:20:38.139 +03:00 [INF] Expired 1 stale QR token(s); a replacement was pushed to the kiosk.
2026-08-04 14:20:53.151 +03:00 [INF] Expired 1 stale QR token(s); a replacement was pushed to the kiosk.
2026-08-04 14:21:13.150 +03:00 [INF] Expired 1 stale QR token(s); a replacement was pushed to the kiosk.
2026-08-04 14:21:33.152 +03:00 [INF] Expired 1 stale QR token(s); a replacement was pushed to the kiosk.
2026-08-04 14:21:53.148 +03:00 [INF] Expired 1 stale QR token(s); a replacement was pushed to the kiosk.
2026-08-04 14:22:13.154 +03:00 [INF] Expired 1 stale QR token(s); a replacement was pushed to the kiosk.
2026-08-04 14:22:33.154 +03:00 [INF] Expired 1 stale QR token(s); a replacement was pushed to the kiosk.
2026-08-04 14:22:53.142 +03:00 [INF] Expired 1 stale QR token(s); a replacement was pushed to the kiosk.
2026-08-04 14:23:13.150 +03:00 [INF] Expired 1 stale QR token(s); a replacement was pushed to the kiosk.
2026-08-04 14:23:33.153 +03:00 [INF] Expired 1 stale QR token(s); a replacement was pushed to the kiosk.
2026-08-04 14:23:53.158 +03:00 [INF] Expired 1 stale QR token(s); a replacement was pushed to the kiosk.
2026-08-04 14:24:13.158 +03:00 [INF] Expired 1 stale QR token(s); a replacement was pushed to the kiosk.
2026-08-04 14:24:33.157 +03:00 [INF] Expired 1 stale QR token(s); a replacement was pushed to the kiosk.
2026-08-04 14:24:53.144 +03:00 [INF] Expired 1 stale QR token(s); a replacement was pushed to the kiosk.
2026-08-04 14:25:08.154 +03:00 [INF] Expired 1 stale QR token(s); a replacement was pushed to the kiosk.
2026-08-04 14:25:28.155 +03:00 [INF] Expired 1 stale QR token(s); a replacement was pushed to the kiosk.
2026-08-04 14:25:48.144 +03:00 [INF] Expired 1 stale QR token(s); a replacement was pushed to the kiosk.
2026-08-04 14:26:03.156 +03:00 [INF] Expired 1 stale QR token(s); a replacement was pushed to the kiosk.
2026-08-04 14:26:23.142 +03:00 [INF] Expired 1 stale QR token(s); a replacement was pushed to the kiosk.
2026-08-04 14:26:43.145 +03:00 [INF] Expired 1 stale QR token(s); a replacement was pushed to the kiosk.
2026-08-04 14:27:03.156 +03:00 [INF] Expired 1 stale QR token(s); a replacement was pushed to the kiosk.
2026-08-04 14:27:23.155 +03:00 [INF] Expired 1 stale QR token(s); a replacement was pushed to the kiosk.
2026-08-04 14:27:43.154 +03:00 [INF] Expired 1 stale QR token(s); a replacement was pushed to the kiosk.
2026-08-04 14:28:03.154 +03:00 [INF] Expired 1 stale QR token(s); a replacement was pushed to the kiosk.
2026-08-04 14:28:23.143 +03:00 [INF] Expired 1 stale QR token(s); a replacement was pushed to the kiosk.
2026-08-04 14:28:43.157 +03:00 [INF] Expired 1 stale QR token(s); a replacement was pushed to the kiosk.
2026-08-04 14:29:03.157 +03:00 [INF] Expired 1 stale QR token(s); a replacement was pushed to the kiosk.
2026-08-04 14:29:23.158 +03:00 [INF] Expired 1 stale QR token(s); a replacement was pushed to the kiosk.
2026-08-04 14:29:43.151 +03:00 [INF] Expired 1 stale QR token(s); a replacement was pushed to the kiosk.
2026-08-04 14:30:03.158 +03:00 [INF] Expired 1 stale QR token(s); a replacement was pushed to the kiosk.
2026-08-04 14:30:23.153 +03:00 [INF] Expired 1 stale QR token(s); a replacement was pushed to the kiosk.
2026-08-04 14:30:43.147 +03:00 [INF] Expired 1 stale QR token(s); a replacement was pushed to the kiosk.
2026-08-04 14:31:03.153 +03:00 [INF] Expired 1 stale QR token(s); a replacement was pushed to the kiosk.
2026-08-04 14:31:23.145 +03:00 [INF] Expired 1 stale QR token(s); a replacement was pushed to the kiosk.
2026-08-04 14:31:38.156 +03:00 [INF] Expired 1 stale QR token(s); a replacement was pushed to the kiosk.
2026-08-04 14:31:58.158 +03:00 [INF] Expired 1 stale QR token(s); a replacement was pushed to the kiosk.
2026-08-04 14:32:18.149 +03:00 [INF] Expired 1 stale QR token(s); a replacement was pushed to the kiosk.
2026-08-04 14:32:38.153 +03:00 [INF] Expired 1 stale QR token(s); a replacement was pushed to the kiosk.
2026-08-04 14:32:58.152 +03:00 [INF] Expired 1 stale QR token(s); a replacement was pushed to the kiosk.
2026-08-04 14:33:18.141 +03:00 [INF] Expired 1 stale QR token(s); a replacement was pushed to the kiosk.
2026-08-04 14:33:33.152 +03:00 [INF] Expired 1 stale QR token(s); a replacement was pushed to the kiosk.
2026-08-04 14:33:53.148 +03:00 [INF] Expired 1 stale QR token(s); a replacement was pushed to the kiosk.
2026-08-04 14:34:13.155 +03:00 [INF] Expired 1 stale QR token(s); a replacement was pushed to the kiosk.
2026-08-04 14:34:33.148 +03:00 [INF] Expired 1 stale QR token(s); a replacement was pushed to the kiosk.
2026-08-04 14:34:41.370 +03:00 [INF] HTTP GET /hubs/attendance responded 101 in 1494835.4619 ms
2026-08-04 14:34:53.147 +03:00 [INF] Expired 1 stale QR token(s); a replacement was pushed to the kiosk.
2026-08-04 14:34:54.763 +03:00 [INF] HTTP POST /hubs/attendance/negotiate responded 200 in 1.0890 ms
2026-08-04 14:34:55.490 +03:00 [INF] HTTP GET /api/departments responded 401 in 1.2495 ms
2026-08-04 14:35:07.731 +03:00 [INF] HTTP POST /api/auth/login responded 200 in 103.7684 ms
2026-08-04 14:35:07.909 +03:00 [INF] HTTP GET /api/staff responded 200 in 15.6709 ms
2026-08-04 14:35:13.146 +03:00 [INF] Expired 1 stale QR token(s); a replacement was pushed to the kiosk.
2026-08-04 14:35:33.148 +03:00 [INF] Expired 1 stale QR token(s); a replacement was pushed to the kiosk.
2026-08-04 14:35:34.049 +03:00 [INF] HTTP POST /hubs/attendance/negotiate responded 200 in 0.4803 ms
2026-08-04 14:35:34.269 +03:00 [INF] HTTP GET /api/reports/live-dashboard responded 200 in 12.9228 ms
2026-08-04 14:35:48.159 +03:00 [INF] Expired 1 stale QR token(s); a replacement was pushed to the kiosk.
2026-08-04 14:35:51.520 +03:00 [INF] HTTP GET /api/reports/payroll responded 200 in 4.0344 ms
2026-08-04 14:36:08.156 +03:00 [INF] Expired 1 stale QR token(s); a replacement was pushed to the kiosk.
2026-08-04 14:36:28.148 +03:00 [INF] Expired 1 stale QR token(s); a replacement was pushed to the kiosk.
2026-08-04 14:36:42.971 +03:00 [INF] HTTP GET /api/reports/daily responded 200 in 4.6705 ms
2026-08-04 14:36:48.151 +03:00 [INF] Expired 1 stale QR token(s); a replacement was pushed to the kiosk.
2026-08-04 14:37:01.526 +03:00 [INF] HTTP PUT /api/reports/absence-reason responded 204 in 29.1012 ms
2026-08-04 14:37:01.530 +03:00 [ERR] Failed executing DbCommand (1ms) [Parameters=[], CommandType='"Text"', CommandTimeout='30']
SELECT [a].[SlotId], [a].[SlotName], [a].[StartTime], [a].[EndTime], [a].[GracePeriodMinutes], [a].[IsMandatory], [a].[IsActive]
FROM [AttendanceSlotConfig] AS [a]
WHERE [a].[IsActive] = CAST(1 AS bit)
ORDER BY [a].[StartTime]
2026-08-04 14:37:01.534 +03:00 [ERR] An exception occurred while iterating over the results of a query for context type 'Attendance.Infrastructure.Data.ApplicationDbContext'.
System.InvalidOperationException: Invalid operation. The connection is closed.
   at System.Threading.Tasks.ContinuationResultTaskFromResultTask`2.InnerInvoke()
   at System.Threading.ExecutionContext.RunInternal(ExecutionContext executionContext, ContextCallback callback, Object state)
--- End of stack trace from previous location ---
   at System.Threading.ExecutionContext.RunInternal(ExecutionContext executionContext, ContextCallback callback, Object state)
   at System.Threading.Tasks.Task.ExecuteWithThreadLocal(Task& currentTaskSlot, Thread threadPoolThread)
--- End of stack trace from previous location ---
   at Microsoft.EntityFrameworkCore.Storage.RelationalCommand.ExecuteReaderAsync(RelationalCommandParameterObject parameterObject, CancellationToken cancellationToken)
   at Microsoft.EntityFrameworkCore.Storage.RelationalCommand.ExecuteReaderAsync(RelationalCommandParameterObject parameterObject, CancellationToken cancellationToken)
   at Microsoft.EntityFrameworkCore.Query.Internal.SingleQueryingEnumerable`1.AsyncEnumerator.InitializeReaderAsync(AsyncEnumerator enumerator, CancellationToken cancellationToken)
   at Microsoft.EntityFrameworkCore.SqlServer.Storage.Internal.SqlServerExecutionStrategy.ExecuteAsync[TState,TResult](TState state, Func`4 operation, Func`4 verifySucceeded, CancellationToken cancellationToken)
   at Microsoft.EntityFrameworkCore.Query.Internal.SingleQueryingEnumerable`1.AsyncEnumerator.MoveNextAsync()
System.InvalidOperationException: Invalid operation. The connection is closed.
   at System.Threading.Tasks.ContinuationResultTaskFromResultTask`2.InnerInvoke()
   at System.Threading.ExecutionContext.RunInternal(ExecutionContext executionContext, ContextCallback callback, Object state)
--- End of stack trace from previous location ---
   at System.Threading.ExecutionContext.RunInternal(ExecutionContext executionContext, ContextCallback callback, Object state)
   at System.Threading.Tasks.Task.ExecuteWithThreadLocal(Task& currentTaskSlot, Thread threadPoolThread)
--- End of stack trace from previous location ---
   at Microsoft.EntityFrameworkCore.Storage.RelationalCommand.ExecuteReaderAsync(RelationalCommandParameterObject parameterObject, CancellationToken cancellationToken)
   at Microsoft.EntityFrameworkCore.Storage.RelationalCommand.ExecuteReaderAsync(RelationalCommandParameterObject parameterObject, CancellationToken cancellationToken)
   at Microsoft.EntityFrameworkCore.Query.Internal.SingleQueryingEnumerable`1.AsyncEnumerator.InitializeReaderAsync(AsyncEnumerator enumerator, CancellationToken cancellationToken)
   at Microsoft.EntityFrameworkCore.SqlServer.Storage.Internal.SqlServerExecutionStrategy.ExecuteAsync[TState,TResult](TState state, Func`4 operation, Func`4 verifySucceeded, CancellationToken cancellationToken)
   at Microsoft.EntityFrameworkCore.Query.Internal.SingleQueryingEnumerable`1.AsyncEnumerator.MoveNextAsync()
2026-08-04 14:37:01.853 +03:00 [INF] HTTP GET /api/reports/daily responded 200 in 95.7210 ms
2026-08-04 14:37:08.156 +03:00 [INF] Expired 1 stale QR token(s); a replacement was pushed to the kiosk.
2026-08-04 14:37:28.143 +03:00 [INF] Expired 1 stale QR token(s); a replacement was pushed to the kiosk.
2026-08-04 14:37:43.154 +03:00 [INF] Expired 1 stale QR token(s); a replacement was pushed to the kiosk.
2026-08-04 14:38:03.157 +03:00 [INF] Expired 1 stale QR token(s); a replacement was pushed to the kiosk.
2026-08-04 14:38:23.149 +03:00 [INF] Expired 1 stale QR token(s); a replacement was pushed to the kiosk.
2026-08-04 14:38:43.145 +03:00 [INF] Expired 1 stale QR token(s); a replacement was pushed to the kiosk.
2026-08-04 14:38:47.301 +03:00 [INF] HTTP GET /api/reports/payroll responded 200 in 4.9625 ms
2026-08-04 14:38:50.050 +03:00 [INF] HTTP GET /api/reports/live-dashboard responded 200 in 6.2531 ms
2026-08-04 14:38:51.800 +03:00 [INF] HTTP GET /api/reports/payroll responded 200 in 4.8641 ms
2026-08-04 14:39:03.155 +03:00 [INF] Expired 1 stale QR token(s); a replacement was pushed to the kiosk.
2026-08-04 14:39:23.155 +03:00 [INF] Expired 1 stale QR token(s); a replacement was pushed to the kiosk.
2026-08-04 14:39:43.160 +03:00 [INF] Expired 1 stale QR token(s); a replacement was pushed to the kiosk.
2026-08-04 14:40:03.158 +03:00 [INF] Expired 1 stale QR token(s); a replacement was pushed to the kiosk.
2026-08-04 14:40:23.145 +03:00 [INF] Expired 1 stale QR token(s); a replacement was pushed to the kiosk.
2026-08-04 14:40:43.145 +03:00 [INF] Expired 1 stale QR token(s); a replacement was pushed to the kiosk.
2026-08-04 14:40:46.271 +03:00 [INF] HTTP GET /api/slots responded 200 in 8.1871 ms
2026-08-04 14:40:49.067 +03:00 [INF] HTTP GET /api/reports/payroll responded 200 in 4.8861 ms
2026-08-04 14:40:58.155 +03:00 [INF] Expired 1 stale QR token(s); a replacement was pushed to the kiosk.
2026-08-04 14:41:18.155 +03:00 [INF] Expired 1 stale QR token(s); a replacement was pushed to the kiosk.
2026-08-04 14:41:38.153 +03:00 [INF] Expired 1 stale QR token(s); a replacement was pushed to the kiosk.
2026-08-04 14:41:58.162 +03:00 [INF] Expired 1 stale QR token(s); a replacement was pushed to the kiosk.
2026-08-04 14:42:18.151 +03:00 [INF] Expired 1 stale QR token(s); a replacement was pushed to the kiosk.
2026-08-04 14:42:38.158 +03:00 [INF] Expired 1 stale QR token(s); a replacement was pushed to the kiosk.
2026-08-04 14:42:58.161 +03:00 [INF] Expired 1 stale QR token(s); a replacement was pushed to the kiosk.
2026-08-04 14:43:18.154 +03:00 [INF] Expired 1 stale QR token(s); a replacement was pushed to the kiosk.
2026-08-04 14:43:38.159 +03:00 [INF] Expired 1 stale QR token(s); a replacement was pushed to the kiosk.
2026-08-04 14:43:58.143 +03:00 [INF] Expired 1 stale QR token(s); a replacement was pushed to the kiosk.
2026-08-04 14:44:13.151 +03:00 [INF] Expired 1 stale QR token(s); a replacement was pushed to the kiosk.
2026-08-04 14:44:33.151 +03:00 [INF] Expired 1 stale QR token(s); a replacement was pushed to the kiosk.
2026-08-04 14:44:48.170 +03:00 [INF] Expired 1 stale QR token(s); a replacement was pushed to the kiosk.
2026-08-04 14:45:08.144 +03:00 [INF] Expired 1 stale QR token(s); a replacement was pushed to the kiosk.
2026-08-04 14:45:28.156 +03:00 [INF] Expired 1 stale QR token(s); a replacement was pushed to the kiosk.
2026-08-04 14:45:48.167 +03:00 [INF] Expired 1 stale QR token(s); a replacement was pushed to the kiosk.
2026-08-04 14:46:08.151 +03:00 [INF] Expired 1 stale QR token(s); a replacement was pushed to the kiosk.
2026-08-04 14:46:28.152 +03:00 [INF] Expired 1 stale QR token(s); a replacement was pushed to the kiosk.
2026-08-04 14:46:48.145 +03:00 [INF] Expired 1 stale QR token(s); a replacement was pushed to the kiosk.
2026-08-04 14:47:08.146 +03:00 [INF] Expired 1 stale QR token(s); a replacement was pushed to the kiosk.
2026-08-04 14:47:23.156 +03:00 [INF] Expired 1 stale QR token(s); a replacement was pushed to the kiosk.
2026-08-04 14:47:43.144 +03:00 [INF] Expired 1 stale QR token(s); a replacement was pushed to the kiosk.
2026-08-04 14:48:03.164 +03:00 [INF] Expired 1 stale QR token(s); a replacement was pushed to the kiosk.
2026-08-04 14:48:23.155 +03:00 [INF] Expired 1 stale QR token(s); a replacement was pushed to the kiosk.
2026-08-04 14:48:43.145 +03:00 [INF] Expired 1 stale QR token(s); a replacement was pushed to the kiosk.
2026-08-04 14:49:03.156 +03:00 [INF] Expired 1 stale QR token(s); a replacement was pushed to the kiosk.
2026-08-04 14:49:23.157 +03:00 [INF] Expired 1 stale QR token(s); a replacement was pushed to the kiosk.
2026-08-04 14:49:43.145 +03:00 [INF] Expired 1 stale QR token(s); a replacement was pushed to the kiosk.
2026-08-04 14:50:03.149 +03:00 [INF] Expired 1 stale QR token(s); a replacement was pushed to the kiosk.
2026-08-04 14:50:23.148 +03:00 [INF] Expired 1 stale QR token(s); a replacement was pushed to the kiosk.
2026-08-04 14:50:43.146 +03:00 [INF] Expired 1 stale QR token(s); a replacement was pushed to the kiosk.
2026-08-04 14:51:03.143 +03:00 [INF] Expired 1 stale QR token(s); a replacement was pushed to the kiosk.
2026-08-04 14:51:18.159 +03:00 [INF] Expired 1 stale QR token(s); a replacement was pushed to the kiosk.
2026-08-04 14:51:38.151 +03:00 [INF] Expired 1 stale QR token(s); a replacement was pushed to the kiosk.
2026-08-04 14:51:58.143 +03:00 [INF] Expired 1 stale QR token(s); a replacement was pushed to the kiosk.
2026-08-04 14:52:18.151 +03:00 [INF] Expired 1 stale QR token(s); a replacement was pushed to the kiosk.
2026-08-04 14:52:38.157 +03:00 [INF] Expired 1 stale QR token(s); a replacement was pushed to the kiosk.
2026-08-04 14:52:58.148 +03:00 [INF] Expired 1 stale QR token(s); a replacement was pushed to the kiosk.
2026-08-04 14:53:13.157 +03:00 [INF] Expired 1 stale QR token(s); a replacement was pushed to the kiosk.
2026-08-04 14:53:33.158 +03:00 [INF] Expired 1 stale QR token(s); a replacement was pushed to the kiosk.
2026-08-04 14:53:53.150 +03:00 [INF] Expired 1 stale QR token(s); a replacement was pushed to the kiosk.
2026-08-04 14:54:13.153 +03:00 [INF] Expired 1 stale QR token(s); a replacement was pushed to the kiosk.
2026-08-04 14:54:33.160 +03:00 [INF] Expired 1 stale QR token(s); a replacement was pushed to the kiosk.
2026-08-04 14:54:53.151 +03:00 [INF] Expired 1 stale QR token(s); a replacement was pushed to the kiosk.
2026-08-04 14:55:13.160 +03:00 [INF] Expired 1 stale QR token(s); a replacement was pushed to the kiosk.
2026-08-04 14:55:33.156 +03:00 [INF] Expired 1 stale QR token(s); a replacement was pushed to the kiosk.
2026-08-04 14:55:53.158 +03:00 [INF] Expired 1 stale QR token(s); a replacement was pushed to the kiosk.
2026-08-04 14:56:13.156 +03:00 [INF] Expired 1 stale QR token(s); a replacement was pushed to the kiosk.
2026-08-04 14:56:33.143 +03:00 [INF] Expired 1 stale QR token(s); a replacement was pushed to the kiosk.
2026-08-04 14:56:53.163 +03:00 [INF] Expired 1 stale QR token(s); a replacement was pushed to the kiosk.
2026-08-04 14:57:13.149 +03:00 [INF] Expired 1 stale QR token(s); a replacement was pushed to the kiosk.
2026-08-04 14:57:33.153 +03:00 [INF] Expired 1 stale QR token(s); a replacement was pushed to the kiosk.
2026-08-04 14:57:53.160 +03:00 [INF] Expired 1 stale QR token(s); a replacement was pushed to the kiosk.
2026-08-04 14:58:13.158 +03:00 [INF] Expired 1 stale QR token(s); a replacement was pushed to the kiosk.
2026-08-04 14:58:33.159 +03:00 [INF] Expired 1 stale QR token(s); a replacement was pushed to the kiosk.
2026-08-04 14:58:53.155 +03:00 [INF] Expired 1 stale QR token(s); a replacement was pushed to the kiosk.
2026-08-04 14:59:13.157 +03:00 [INF] Expired 1 stale QR token(s); a replacement was pushed to the kiosk.
2026-08-04 14:59:33.148 +03:00 [INF] Expired 1 stale QR token(s); a replacement was pushed to the kiosk.
2026-08-04 14:59:53.150 +03:00 [INF] Expired 1 stale QR token(s); a replacement was pushed to the kiosk.
2026-08-04 15:00:13.149 +03:00 [INF] Expired 1 stale QR token(s); a replacement was pushed to the kiosk.
2026-08-04 15:00:22.354 +03:00 [INF] HTTP GET /hubs/attendance responded 101 in 1487679.6128 ms
2026-08-04 15:00:33.162 +03:00 [INF] Expired 1 stale QR token(s); a replacement was pushed to the kiosk.
2026-08-04 15:00:53.150 +03:00 [INF] Expired 1 stale QR token(s); a replacement was pushed to the kiosk.
2026-08-04 15:01:13.163 +03:00 [INF] Expired 1 stale QR token(s); a replacement was pushed to the kiosk.
2026-08-04 15:01:33.146 +03:00 [INF] Expired 1 stale QR token(s); a replacement was pushed to the kiosk.
2026-08-04 15:01:53.145 +03:00 [INF] Expired 1 stale QR token(s); a replacement was pushed to the kiosk.
2026-08-04 15:02:08.151 +03:00 [INF] Expired 1 stale QR token(s); a replacement was pushed to the kiosk.
2026-08-04 15:02:28.151 +03:00 [INF] Expired 1 stale QR token(s); a replacement was pushed to the kiosk.
2026-08-04 15:02:48.150 +03:00 [INF] Expired 1 stale QR token(s); a replacement was pushed to the kiosk.
2026-08-04 15:03:08.146 +03:00 [INF] Expired 1 stale QR token(s); a replacement was pushed to the kiosk.
2026-08-04 15:03:28.163 +03:00 [INF] Expired 1 stale QR token(s); a replacement was pushed to the kiosk.
2026-08-04 15:03:48.147 +03:00 [INF] Expired 1 stale QR token(s); a replacement was pushed to the kiosk.
2026-08-04 15:04:08.149 +03:00 [INF] Expired 1 stale QR token(s); a replacement was pushed to the kiosk.
2026-08-04 15:04:23.159 +03:00 [INF] Expired 1 stale QR token(s); a replacement was pushed to the kiosk.
2026-08-04 15:04:36.610 +03:00 [INF] HTTP POST /hubs/attendance/negotiate responded 200 in 0.4619 ms
2026-08-04 15:04:37.480 +03:00 [INF] HTTP GET /api/reports/payroll responded 401 in 1.3288 ms
2026-08-04 15:04:43.154 +03:00 [INF] Expired 1 stale QR token(s); a replacement was pushed to the kiosk.
2026-08-04 15:05:03.146 +03:00 [INF] Expired 1 stale QR token(s); a replacement was pushed to the kiosk.
2026-08-04 15:05:23.151 +03:00 [INF] Expired 1 stale QR token(s); a replacement was pushed to the kiosk.
2026-08-04 15:05:43.159 +03:00 [INF] Expired 1 stale QR token(s); a replacement was pushed to the kiosk.
2026-08-04 15:06:03.150 +03:00 [INF] Expired 1 stale QR token(s); a replacement was pushed to the kiosk.
2026-08-04 15:06:23.155 +03:00 [INF] Expired 1 stale QR token(s); a replacement was pushed to the kiosk.
2026-08-04 15:06:43.171 +03:00 [INF] Expired 1 stale QR token(s); a replacement was pushed to the kiosk.
2026-08-04 15:07:03.146 +03:00 [INF] Expired 1 stale QR token(s); a replacement was pushed to the kiosk.
2026-08-04 15:07:23.147 +03:00 [INF] Expired 1 stale QR token(s); a replacement was pushed to the kiosk.
2026-08-04 15:07:43.146 +03:00 [INF] Expired 1 stale QR token(s); a replacement was pushed to the kiosk.
2026-08-04 15:08:00.770 +03:00 [WRN] Failed login attempt for user 'admin' from 127.0.0.1.
2026-08-04 15:08:00.774 +03:00 [INF] HTTP POST /api/auth/login responded 401 in 116.3112 ms
2026-08-04 15:08:03.150 +03:00 [INF] Expired 1 stale QR token(s); a replacement was pushed to the kiosk.
2026-08-04 15:08:07.839 +03:00 [INF] HTTP POST /api/auth/login responded 200 in 98.9148 ms
2026-08-04 15:08:08.525 +03:00 [INF] HTTP GET /api/staff responded 200 in 16.1035 ms
2026-08-04 15:08:18.158 +03:00 [INF] Expired 1 stale QR token(s); a replacement was pushed to the kiosk.
2026-08-04 15:08:38.148 +03:00 [INF] Expired 1 stale QR token(s); a replacement was pushed to the kiosk.
2026-08-04 15:08:58.161 +03:00 [INF] Expired 1 stale QR token(s); a replacement was pushed to the kiosk.
2026-08-04 15:09:18.144 +03:00 [INF] Expired 1 stale QR token(s); a replacement was pushed to the kiosk.
2026-08-04 15:09:38.149 +03:00 [INF] Expired 1 stale QR token(s); a replacement was pushed to the kiosk.
2026-08-04 15:09:58.154 +03:00 [INF] Expired 1 stale QR token(s); a replacement was pushed to the kiosk.
2026-08-04 15:10:18.163 +03:00 [INF] Expired 1 stale QR token(s); a replacement was pushed to the kiosk.
2026-08-04 15:10:38.140 +03:00 [INF] Expired 1 stale QR token(s); a replacement was pushed to the kiosk.
2026-08-04 15:10:53.158 +03:00 [INF] Expired 1 stale QR token(s); a replacement was pushed to the kiosk.
2026-08-04 15:11:13.160 +03:00 [INF] Expired 1 stale QR token(s); a replacement was pushed to the kiosk.
2026-08-04 15:11:33.156 +03:00 [INF] Expired 1 stale QR token(s); a replacement was pushed to the kiosk.
2026-08-04 15:11:53.152 +03:00 [INF] Expired 1 stale QR token(s); a replacement was pushed to the kiosk.
2026-08-04 15:12:13.160 +03:00 [INF] Expired 1 stale QR token(s); a replacement was pushed to the kiosk.
2026-08-04 15:12:48.154 +03:00 [INF] Expired 1 stale QR token(s); a replacement was pushed to the kiosk.
2026-08-04 15:13:10.312 +03:00 [INF] HTTP GET /api/staff responded 200 in 11.2332 ms
2026-08-04 15:13:11.532 +03:00 [INF] Expired 1 stale QR token(s); a replacement was pushed to the kiosk.
2026-08-04 15:13:26.545 +03:00 [INF] Expired 1 stale QR token(s); a replacement was pushed to the kiosk.
2026-08-04 15:13:46.536 +03:00 [INF] Expired 1 stale QR token(s); a replacement was pushed to the kiosk.
2026-08-04 15:14:01.546 +03:00 [INF] Expired 1 stale QR token(s); a replacement was pushed to the kiosk.
2026-08-04 15:14:21.535 +03:00 [INF] Expired 1 stale QR token(s); a replacement was pushed to the kiosk.
2026-08-04 15:14:36.549 +03:00 [INF] Expired 1 stale QR token(s); a replacement was pushed to the kiosk.
2026-08-04 15:14:56.542 +03:00 [INF] Expired 1 stale QR token(s); a replacement was pushed to the kiosk.
2026-08-04 15:15:16.534 +03:00 [INF] Expired 1 stale QR token(s); a replacement was pushed to the kiosk.
2026-08-04 15:15:31.561 +03:00 [INF] Expired 1 stale QR token(s); a replacement was pushed to the kiosk.
2026-08-04 15:15:51.549 +03:00 [INF] Expired 1 stale QR token(s); a replacement was pushed to the kiosk.
2026-08-04 15:16:11.537 +03:00 [INF] Expired 1 stale QR token(s); a replacement was pushed to the kiosk.
2026-08-04 15:16:31.541 +03:00 [INF] Expired 1 stale QR token(s); a replacement was pushed to the kiosk.
2026-08-04 15:16:46.552 +03:00 [INF] Expired 1 stale QR token(s); a replacement was pushed to the kiosk.
2026-08-04 15:17:06.535 +03:00 [INF] Expired 1 stale QR token(s); a replacement was pushed to the kiosk.
2026-08-04 15:17:21.540 +03:00 [INF] Expired 1 stale QR token(s); a replacement was pushed to the kiosk.
2026-08-04 15:17:41.565 +03:00 [INF] Expired 1 stale QR token(s); a replacement was pushed to the kiosk.
2026-08-04 15:18:01.543 +03:00 [INF] Expired 1 stale QR token(s); a replacement was pushed to the kiosk.
2026-08-04 15:18:21.547 +03:00 [INF] Expired 1 stale QR token(s); a replacement was pushed to the kiosk.
2026-08-04 15:18:41.544 +03:00 [INF] Expired 1 stale QR token(s); a replacement was pushed to the kiosk.
2026-08-04 15:19:01.542 +03:00 [INF] Expired 1 stale QR token(s); a replacement was pushed to the kiosk.
2026-08-04 15:19:21.542 +03:00 [INF] Expired 1 stale QR token(s); a replacement was pushed to the kiosk.
2026-08-04 15:19:41.545 +03:00 [INF] Expired 1 stale QR token(s); a replacement was pushed to the kiosk.
2026-08-04 15:20:01.551 +03:00 [INF] Expired 1 stale QR token(s); a replacement was pushed to the kiosk.
2026-08-04 15:20:21.541 +03:00 [INF] Expired 1 stale QR token(s); a replacement was pushed to the kiosk.
2026-08-04 15:20:41.540 +03:00 [INF] Expired 1 stale QR token(s); a replacement was pushed to the kiosk.
2026-08-04 15:21:01.549 +03:00 [INF] Expired 1 stale QR token(s); a replacement was pushed to the kiosk.
2026-08-04 15:21:21.538 +03:00 [INF] Expired 1 stale QR token(s); a replacement was pushed to the kiosk.
2026-08-04 15:21:41.536 +03:00 [INF] Expired 1 stale QR token(s); a replacement was pushed to the kiosk.
2026-08-04 15:22:01.532 +03:00 [INF] Expired 1 stale QR token(s); a replacement was pushed to the kiosk.
2026-08-04 15:22:21.549 +03:00 [INF] Expired 1 stale QR token(s); a replacement was pushed to the kiosk.
2026-08-04 15:23:07.611 +03:00 [INF] Expired 1 stale QR token(s); a replacement was pushed to the kiosk.
2026-08-04 15:23:26.170 +03:00 [INF] Expired 1 stale QR token(s); a replacement was pushed to the kiosk.
2026-08-04 15:23:26.631 +03:00 [INF] HTTP GET /api/staff responded 200 in 12.1987 ms
2026-08-04 15:23:46.157 +03:00 [INF] Expired 1 stale QR token(s); a replacement was pushed to the kiosk.
2026-08-04 15:24:01.169 +03:00 [INF] Expired 1 stale QR token(s); a replacement was pushed to the kiosk.
2026-08-04 15:24:21.164 +03:00 [INF] Expired 1 stale QR token(s); a replacement was pushed to the kiosk.
2026-08-04 15:24:41.166 +03:00 [INF] Expired 1 stale QR token(s); a replacement was pushed to the kiosk.
2026-08-04 15:25:01.164 +03:00 [INF] Expired 1 stale QR token(s); a replacement was pushed to the kiosk.
2026-08-04 15:25:21.171 +03:00 [INF] Expired 1 stale QR token(s); a replacement was pushed to the kiosk.
2026-08-04 15:25:41.163 +03:00 [INF] Expired 1 stale QR token(s); a replacement was pushed to the kiosk.
2026-08-04 15:26:01.158 +03:00 [INF] Expired 1 stale QR token(s); a replacement was pushed to the kiosk.
2026-08-04 15:26:16.169 +03:00 [INF] Expired 1 stale QR token(s); a replacement was pushed to the kiosk.
2026-08-04 15:26:36.164 +03:00 [INF] Expired 1 stale QR token(s); a replacement was pushed to the kiosk.
2026-08-04 15:26:56.168 +03:00 [INF] Expired 1 stale QR token(s); a replacement was pushed to the kiosk.
2026-08-04 15:27:16.168 +03:00 [INF] Expired 1 stale QR token(s); a replacement was pushed to the kiosk.
2026-08-04 15:27:36.161 +03:00 [INF] Expired 1 stale QR token(s); a replacement was pushed to the kiosk.
2026-08-04 15:27:51.177 +03:00 [INF] Expired 1 stale QR token(s); a replacement was pushed to the kiosk.
2026-08-04 15:28:11.159 +03:00 [INF] Expired 1 stale QR token(s); a replacement was pushed to the kiosk.
2026-08-04 15:28:26.164 +03:00 [INF] Expired 1 stale QR token(s); a replacement was pushed to the kiosk.
2026-08-04 15:28:46.166 +03:00 [INF] Expired 1 stale QR token(s); a replacement was pushed to the kiosk.
2026-08-04 15:29:06.158 +03:00 [INF] Expired 1 stale QR token(s); a replacement was pushed to the kiosk.
2026-08-04 15:29:26.166 +03:00 [INF] Expired 1 stale QR token(s); a replacement was pushed to the kiosk.
2026-08-04 15:29:46.160 +03:00 [INF] Expired 1 stale QR token(s); a replacement was pushed to the kiosk.
2026-08-04 15:30:01.184 +03:00 [INF] Expired 1 stale QR token(s); a replacement was pushed to the kiosk.
2026-08-04 15:30:21.163 +03:00 [INF] Expired 1 stale QR token(s); a replacement was pushed to the kiosk.
2026-08-04 15:30:41.169 +03:00 [INF] Expired 1 stale QR token(s); a replacement was pushed to the kiosk.
2026-08-04 15:31:01.174 +03:00 [INF] Expired 1 stale QR token(s); a replacement was pushed to the kiosk.
2026-08-04 15:31:21.164 +03:00 [INF] Expired 1 stale QR token(s); a replacement was pushed to the kiosk.
2026-08-04 15:31:41.154 +03:00 [INF] Expired 1 stale QR token(s); a replacement was pushed to the kiosk.
2026-08-04 15:31:56.169 +03:00 [INF] Expired 1 stale QR token(s); a replacement was pushed to the kiosk.
2026-08-04 15:34:09.516 +03:00 [INF] Expired 1 stale QR token(s); a replacement was pushed to the kiosk.
