2026-08-05 13:55:35.514 +03:00 [WRN] The 'StaffStatus' property 'Status' on entity type 'Staff' is configured with a database-generated default, but has no configured sentinel value. The database-generated default will always be used for inserts when the property has the value 'Inactive', since this is the CLR default for the 'StaffStatus' type. Consider using a nullable type, using a nullable backing field, or setting the sentinel value for the property to ensure the database default is used when, and only when, appropriate. See https://aka.ms/efcore-docs-default-values for more information.
2026-08-05 13:55:37.674 +03:00 [INF] Kiosk QR deep-link base: http://192.168.1.19:4200/scan — phones must be able to reach this host.
2026-08-05 13:55:37.675 +03:00 [INF] Public Employee ID QR base URL: https://192.168.1.19:4200/employee-id — generated QR codes will resolve to this address.
2026-08-05 13:55:37.716 +03:00 [INF] QR token expiry sweep started (interval 5s).
2026-08-05 13:55:37.775 +03:00 [INF] Now listening on: http://0.0.0.0:5080
2026-08-05 13:55:37.776 +03:00 [INF] Application started. Press Ctrl+C to shut down.
2026-08-05 13:55:37.776 +03:00 [INF] Hosting environment: Development
2026-08-05 13:55:37.777 +03:00 [INF] Content root path: C:\employer\src\Attendance.Api
2026-08-05 13:55:42.915 +03:00 [INF] Expired 1 stale QR token(s); a replacement was pushed to the kiosk.
2026-08-05 13:56:02.735 +03:00 [INF] Expired 1 stale QR token(s); a replacement was pushed to the kiosk.
2026-08-05 13:56:22.739 +03:00 [INF] Expired 1 stale QR token(s); a replacement was pushed to the kiosk.
2026-08-05 13:56:34.956 +03:00 [INF] HTTP GET /api/staff responded 401 in 119.1778 ms
2026-08-05 13:56:42.735 +03:00 [INF] Expired 1 stale QR token(s); a replacement was pushed to the kiosk.
2026-08-05 13:57:02.297 +03:00 [INF] HTTP POST /api/auth/login responded 200 in 174.1538 ms
2026-08-05 13:57:02.457 +03:00 [INF] HTTP GET /api/staff responded 200 in 99.7995 ms
2026-08-05 13:57:02.738 +03:00 [INF] Expired 1 stale QR token(s); a replacement was pushed to the kiosk.
2026-08-05 13:57:06.863 +03:00 [INF] HTTP GET /api/reports/live-dashboard responded 200 in 68.7523 ms
2026-08-05 13:57:06.999 +03:00 [INF] HTTP POST /hubs/attendance/negotiate responded 200 in 3.3549 ms
2026-08-05 13:57:10.148 +03:00 [INF] HTTP GET /api/reports/payroll responded 200 in 31.0110 ms
2026-08-05 13:57:13.112 +03:00 [INF] HTTP GET /api/reports/live-dashboard responded 200 in 5.3634 ms
2026-08-05 13:57:16.791 +03:00 [INF] HTTP GET /api/reports/payroll responded 200 in 4.4926 ms
2026-08-05 13:57:19.221 +03:00 [INF] HTTP GET /api/reports/live-dashboard responded 200 in 3.6712 ms
2026-08-05 13:57:22.742 +03:00 [INF] Expired 1 stale QR token(s); a replacement was pushed to the kiosk.
2026-08-05 13:57:24.590 +03:00 [INF] HTTP GET /api/reports/daily responded 200 in 46.1295 ms
2026-08-05 13:57:37.733 +03:00 [INF] Expired 1 stale QR token(s); a replacement was pushed to the kiosk.
2026-08-05 13:57:43.759 +03:00 [INF] HTTP PUT /api/reports/absence-reason responded 204 in 69.5160 ms
2026-08-05 13:57:43.777 +03:00 [ERR] An exception occurred while iterating over the results of a query for context type 'Attendance.Infrastructure.Data.ApplicationDbContext'.
System.ObjectDisposedException: Cannot access a disposed context instance. A common cause of this error is disposing a context instance that was resolved from dependency injection and then later trying to use the same context instance elsewhere in your application. This may occur if you are calling 'Dispose' on the context instance, or wrapping it in a using statement. If you are using dependency injection, you should let the dependency injection container take care of disposing context instances.
Object name: 'ApplicationDbContext'.
   at Microsoft.EntityFrameworkCore.DbContext.get_DbContextDependencies()
   at Microsoft.EntityFrameworkCore.DbContext.Microsoft.EntityFrameworkCore.Internal.IDbContextDependencies.get_StateManager()
   at Microsoft.EntityFrameworkCore.Query.QueryContextDependencies.get_StateManager()
   at Microsoft.EntityFrameworkCore.Query.Internal.SingleQueryingEnumerable`1.AsyncEnumerator.InitializeReaderAsync(AsyncEnumerator enumerator, CancellationToken cancellationToken)
   at Microsoft.EntityFrameworkCore.SqlServer.Storage.Internal.SqlServerExecutionStrategy.ExecuteAsync[TState,TResult](TState state, Func`4 operation, Func`4 verifySucceeded, CancellationToken cancellationToken)
   at Microsoft.EntityFrameworkCore.Query.Internal.SingleQueryingEnumerable`1.AsyncEnumerator.MoveNextAsync()
System.ObjectDisposedException: Cannot access a disposed context instance. A common cause of this error is disposing a context instance that was resolved from dependency injection and then later trying to use the same context instance elsewhere in your application. This may occur if you are calling 'Dispose' on the context instance, or wrapping it in a using statement. If you are using dependency injection, you should let the dependency injection container take care of disposing context instances.
Object name: 'ApplicationDbContext'.
   at Microsoft.EntityFrameworkCore.DbContext.get_DbContextDependencies()
   at Microsoft.EntityFrameworkCore.DbContext.Microsoft.EntityFrameworkCore.Internal.IDbContextDependencies.get_StateManager()
   at Microsoft.EntityFrameworkCore.Query.QueryContextDependencies.get_StateManager()
   at Microsoft.EntityFrameworkCore.Query.Internal.SingleQueryingEnumerable`1.AsyncEnumerator.InitializeReaderAsync(AsyncEnumerator enumerator, CancellationToken cancellationToken)
   at Microsoft.EntityFrameworkCore.SqlServer.Storage.Internal.SqlServerExecutionStrategy.ExecuteAsync[TState,TResult](TState state, Func`4 operation, Func`4 verifySucceeded, CancellationToken cancellationToken)
   at Microsoft.EntityFrameworkCore.Query.Internal.SingleQueryingEnumerable`1.AsyncEnumerator.MoveNextAsync()
2026-08-05 13:57:44.393 +03:00 [INF] HTTP GET /api/reports/daily responded 200 in 6.7203 ms
2026-08-05 13:57:57.733 +03:00 [INF] Expired 1 stale QR token(s); a replacement was pushed to the kiosk.
2026-08-05 13:58:05.481 +03:00 [INF] HTTP GET /api/reports/live-dashboard responded 200 in 4.0363 ms
2026-08-05 13:58:06.921 +03:00 [INF] HTTP GET /api/reports/payroll responded 200 in 2.6469 ms
2026-08-05 13:58:08.936 +03:00 [INF] HTTP GET /api/reports/live-dashboard responded 200 in 3.2972 ms
2026-08-05 13:58:16.330 +03:00 [INF] HTTP GET /api/reports/payroll responded 200 in 2.7475 ms
2026-08-05 13:58:17.747 +03:00 [INF] Expired 1 stale QR token(s); a replacement was pushed to the kiosk.
2026-08-05 13:58:37.738 +03:00 [INF] Expired 1 stale QR token(s); a replacement was pushed to the kiosk.
2026-08-05 13:58:57.725 +03:00 [INF] Expired 1 stale QR token(s); a replacement was pushed to the kiosk.
2026-08-05 13:59:05.126 +03:00 [INF] HTTP GET /api/reports/daily responded 200 in 2.7546 ms
2026-08-05 13:59:08.144 +03:00 [INF] HTTP GET /api/reports/live-dashboard responded 200 in 5.1972 ms
2026-08-05 13:59:09.958 +03:00 [INF] HTTP GET /api/reports/payroll responded 200 in 3.3216 ms
2026-08-05 13:59:12.730 +03:00 [INF] Expired 1 stale QR token(s); a replacement was pushed to the kiosk.
2026-08-05 13:59:32.734 +03:00 [INF] Expired 1 stale QR token(s); a replacement was pushed to the kiosk.
2026-08-05 13:59:52.729 +03:00 [INF] Expired 1 stale QR token(s); a replacement was pushed to the kiosk.
2026-08-05 14:00:07.738 +03:00 [INF] Expired 1 stale QR token(s); a replacement was pushed to the kiosk.
2026-08-05 14:00:27.728 +03:00 [INF] Expired 1 stale QR token(s); a replacement was pushed to the kiosk.
2026-08-05 14:00:42.746 +03:00 [INF] Expired 1 stale QR token(s); a replacement was pushed to the kiosk.
2026-08-05 14:01:02.738 +03:00 [INF] Expired 1 stale QR token(s); a replacement was pushed to the kiosk.
2026-08-05 14:01:22.734 +03:00 [INF] Expired 1 stale QR token(s); a replacement was pushed to the kiosk.
2026-08-05 14:01:42.725 +03:00 [INF] Expired 1 stale QR token(s); a replacement was pushed to the kiosk.
2026-08-05 14:02:02.727 +03:00 [INF] Expired 1 stale QR token(s); a replacement was pushed to the kiosk.
2026-08-05 14:02:22.740 +03:00 [INF] Expired 1 stale QR token(s); a replacement was pushed to the kiosk.
2026-08-05 14:02:42.728 +03:00 [INF] Expired 1 stale QR token(s); a replacement was pushed to the kiosk.
2026-08-05 14:02:52.131 +03:00 [INF] HTTP POST /hubs/attendance/negotiate responded 200 in 0.6613 ms
2026-08-05 14:03:02.724 +03:00 [INF] Expired 1 stale QR token(s); a replacement was pushed to the kiosk.
2026-08-05 14:03:17.737 +03:00 [INF] Expired 1 stale QR token(s); a replacement was pushed to the kiosk.
2026-08-05 14:03:37.725 +03:00 [INF] Expired 1 stale QR token(s); a replacement was pushed to the kiosk.
2026-08-05 14:03:57.737 +03:00 [INF] Expired 1 stale QR token(s); a replacement was pushed to the kiosk.
2026-08-05 14:04:12.739 +03:00 [INF] Expired 1 stale QR token(s); a replacement was pushed to the kiosk.
2026-08-05 14:04:32.726 +03:00 [INF] Expired 1 stale QR token(s); a replacement was pushed to the kiosk.
2026-08-05 14:04:47.735 +03:00 [INF] Expired 1 stale QR token(s); a replacement was pushed to the kiosk.
2026-08-05 14:05:02.748 +03:00 [INF] Expired 1 stale QR token(s); a replacement was pushed to the kiosk.
2026-08-05 14:05:22.728 +03:00 [INF] Expired 1 stale QR token(s); a replacement was pushed to the kiosk.
2026-08-05 14:05:37.736 +03:00 [INF] Expired 1 stale QR token(s); a replacement was pushed to the kiosk.
2026-08-05 14:05:57.733 +03:00 [INF] Expired 1 stale QR token(s); a replacement was pushed to the kiosk.
2026-08-05 14:06:17.724 +03:00 [INF] Expired 1 stale QR token(s); a replacement was pushed to the kiosk.
2026-08-05 14:06:32.731 +03:00 [INF] Expired 1 stale QR token(s); a replacement was pushed to the kiosk.
2026-08-05 14:06:52.738 +03:00 [INF] Expired 1 stale QR token(s); a replacement was pushed to the kiosk.
2026-08-05 14:07:12.724 +03:00 [INF] Expired 1 stale QR token(s); a replacement was pushed to the kiosk.
2026-08-05 14:07:27.727 +03:00 [INF] Expired 1 stale QR token(s); a replacement was pushed to the kiosk.
2026-08-05 14:07:47.726 +03:00 [INF] Expired 1 stale QR token(s); a replacement was pushed to the kiosk.
2026-08-05 14:08:02.740 +03:00 [INF] Expired 1 stale QR token(s); a replacement was pushed to the kiosk.
2026-08-05 14:08:22.730 +03:00 [INF] Expired 1 stale QR token(s); a replacement was pushed to the kiosk.
2026-08-05 14:08:42.737 +03:00 [INF] Expired 1 stale QR token(s); a replacement was pushed to the kiosk.
2026-08-05 14:09:02.735 +03:00 [INF] Expired 1 stale QR token(s); a replacement was pushed to the kiosk.
2026-08-05 14:09:22.727 +03:00 [INF] Expired 1 stale QR token(s); a replacement was pushed to the kiosk.
2026-08-05 14:09:37.739 +03:00 [INF] Expired 1 stale QR token(s); a replacement was pushed to the kiosk.
2026-08-05 14:09:57.738 +03:00 [INF] Expired 1 stale QR token(s); a replacement was pushed to the kiosk.
2026-08-05 14:10:17.734 +03:00 [INF] Expired 1 stale QR token(s); a replacement was pushed to the kiosk.
2026-08-05 14:10:37.731 +03:00 [INF] Expired 1 stale QR token(s); a replacement was pushed to the kiosk.
2026-08-05 14:10:52.737 +03:00 [INF] Expired 1 stale QR token(s); a replacement was pushed to the kiosk.
2026-08-05 14:11:12.726 +03:00 [INF] Expired 1 stale QR token(s); a replacement was pushed to the kiosk.
2026-08-05 14:11:32.729 +03:00 [INF] Expired 1 stale QR token(s); a replacement was pushed to the kiosk.
2026-08-05 14:11:47.737 +03:00 [INF] Expired 1 stale QR token(s); a replacement was pushed to the kiosk.
2026-08-05 14:12:07.725 +03:00 [INF] Expired 1 stale QR token(s); a replacement was pushed to the kiosk.
2026-08-05 14:12:27.735 +03:00 [INF] Expired 1 stale QR token(s); a replacement was pushed to the kiosk.
2026-08-05 14:12:47.737 +03:00 [INF] Expired 1 stale QR token(s); a replacement was pushed to the kiosk.
2026-08-05 14:13:07.736 +03:00 [INF] Expired 1 stale QR token(s); a replacement was pushed to the kiosk.
2026-08-05 14:13:27.733 +03:00 [INF] Expired 1 stale QR token(s); a replacement was pushed to the kiosk.
2026-08-05 14:13:47.729 +03:00 [INF] Expired 1 stale QR token(s); a replacement was pushed to the kiosk.
2026-08-05 14:14:02.737 +03:00 [INF] Expired 1 stale QR token(s); a replacement was pushed to the kiosk.
2026-08-05 14:14:22.734 +03:00 [INF] Expired 1 stale QR token(s); a replacement was pushed to the kiosk.
2026-08-05 14:14:42.725 +03:00 [INF] Expired 1 stale QR token(s); a replacement was pushed to the kiosk.
2026-08-05 14:15:02.737 +03:00 [INF] Expired 1 stale QR token(s); a replacement was pushed to the kiosk.
2026-08-05 14:15:22.732 +03:00 [INF] Expired 1 stale QR token(s); a replacement was pushed to the kiosk.
2026-08-05 14:15:42.735 +03:00 [INF] Expired 1 stale QR token(s); a replacement was pushed to the kiosk.
2026-08-05 14:16:02.732 +03:00 [INF] Expired 1 stale QR token(s); a replacement was pushed to the kiosk.
2026-08-05 14:16:22.737 +03:00 [INF] Expired 1 stale QR token(s); a replacement was pushed to the kiosk.
2026-08-05 14:16:42.734 +03:00 [INF] Expired 1 stale QR token(s); a replacement was pushed to the kiosk.
2026-08-05 14:17:02.735 +03:00 [INF] Expired 1 stale QR token(s); a replacement was pushed to the kiosk.
2026-08-05 14:17:22.730 +03:00 [INF] Expired 1 stale QR token(s); a replacement was pushed to the kiosk.
2026-08-05 14:17:32.420 +03:00 [INF] HTTP GET /api/staff responded 401 in 1.1571 ms
2026-08-05 14:17:37.738 +03:00 [INF] Expired 1 stale QR token(s); a replacement was pushed to the kiosk.
2026-08-05 14:17:57.735 +03:00 [INF] Expired 1 stale QR token(s); a replacement was pushed to the kiosk.
2026-08-05 14:18:17.735 +03:00 [INF] Expired 1 stale QR token(s); a replacement was pushed to the kiosk.
2026-08-05 14:18:23.683 +03:00 [INF] HTTP GET /hubs/attendance responded 101 in 930917.4822 ms
2026-08-05 14:18:37.725 +03:00 [INF] Expired 1 stale QR token(s); a replacement was pushed to the kiosk.
2026-08-05 14:18:52.732 +03:00 [INF] Expired 1 stale QR token(s); a replacement was pushed to the kiosk.
2026-08-05 14:19:12.732 +03:00 [INF] Expired 1 stale QR token(s); a replacement was pushed to the kiosk.
2026-08-05 14:19:32.729 +03:00 [INF] Expired 1 stale QR token(s); a replacement was pushed to the kiosk.
2026-08-05 14:19:47.735 +03:00 [INF] Expired 1 stale QR token(s); a replacement was pushed to the kiosk.
2026-08-05 14:20:07.724 +03:00 [INF] Expired 1 stale QR token(s); a replacement was pushed to the kiosk.
2026-08-05 14:20:22.731 +03:00 [INF] Expired 1 stale QR token(s); a replacement was pushed to the kiosk.
2026-08-05 14:20:42.728 +03:00 [INF] Expired 1 stale QR token(s); a replacement was pushed to the kiosk.
2026-08-05 14:20:57.737 +03:00 [INF] Expired 1 stale QR token(s); a replacement was pushed to the kiosk.
2026-08-05 14:21:17.727 +03:00 [INF] Expired 1 stale QR token(s); a replacement was pushed to the kiosk.
2026-08-05 14:21:37.734 +03:00 [INF] Expired 1 stale QR token(s); a replacement was pushed to the kiosk.
2026-08-05 14:21:57.735 +03:00 [INF] Expired 1 stale QR token(s); a replacement was pushed to the kiosk.
2026-08-05 14:22:12.737 +03:00 [INF] Expired 1 stale QR token(s); a replacement was pushed to the kiosk.
2026-08-05 14:22:32.734 +03:00 [INF] Expired 1 stale QR token(s); a replacement was pushed to the kiosk.
2026-08-05 14:22:47.740 +03:00 [INF] Expired 1 stale QR token(s); a replacement was pushed to the kiosk.
2026-08-05 14:23:07.732 +03:00 [INF] Expired 1 stale QR token(s); a replacement was pushed to the kiosk.
2026-08-05 14:23:27.731 +03:00 [INF] Expired 1 stale QR token(s); a replacement was pushed to the kiosk.
2026-08-05 14:23:42.738 +03:00 [INF] Expired 1 stale QR token(s); a replacement was pushed to the kiosk.
2026-08-05 14:24:02.740 +03:00 [INF] Expired 1 stale QR token(s); a replacement was pushed to the kiosk.
2026-08-05 14:24:22.741 +03:00 [INF] Expired 1 stale QR token(s); a replacement was pushed to the kiosk.
2026-08-05 14:24:42.732 +03:00 [INF] Expired 1 stale QR token(s); a replacement was pushed to the kiosk.
2026-08-05 14:24:57.745 +03:00 [INF] Expired 1 stale QR token(s); a replacement was pushed to the kiosk.
2026-08-05 14:25:17.728 +03:00 [INF] Expired 1 stale QR token(s); a replacement was pushed to the kiosk.
2026-08-05 14:25:37.726 +03:00 [INF] Expired 1 stale QR token(s); a replacement was pushed to the kiosk.
2026-08-05 14:25:52.739 +03:00 [INF] Expired 1 stale QR token(s); a replacement was pushed to the kiosk.
2026-08-05 14:26:07.568 +03:00 [INF] HTTP POST /hubs/attendance/negotiate responded 200 in 0.2782 ms
2026-08-05 14:26:08.196 +03:00 [INF] HTTP POST /hubs/attendance/negotiate responded 200 in 0.2276 ms
2026-08-05 14:26:12.726 +03:00 [INF] Expired 1 stale QR token(s); a replacement was pushed to the kiosk.
2026-08-05 14:26:27.740 +03:00 [INF] Expired 1 stale QR token(s); a replacement was pushed to the kiosk.
2026-08-05 14:26:47.729 +03:00 [INF] Expired 1 stale QR token(s); a replacement was pushed to the kiosk.
2026-08-05 14:27:02.738 +03:00 [INF] Expired 1 stale QR token(s); a replacement was pushed to the kiosk.
2026-08-05 14:27:22.732 +03:00 [INF] Expired 1 stale QR token(s); a replacement was pushed to the kiosk.
2026-08-05 14:27:37.736 +03:00 [INF] Expired 1 stale QR token(s); a replacement was pushed to the kiosk.
2026-08-05 14:27:57.732 +03:00 [INF] Expired 1 stale QR token(s); a replacement was pushed to the kiosk.
2026-08-05 14:28:17.735 +03:00 [INF] Expired 1 stale QR token(s); a replacement was pushed to the kiosk.
2026-08-05 14:28:37.731 +03:00 [INF] Expired 1 stale QR token(s); a replacement was pushed to the kiosk.
2026-08-05 14:28:52.739 +03:00 [INF] Expired 1 stale QR token(s); a replacement was pushed to the kiosk.
2026-08-05 14:29:12.728 +03:00 [INF] Expired 1 stale QR token(s); a replacement was pushed to the kiosk.
2026-08-05 14:29:32.738 +03:00 [INF] Expired 1 stale QR token(s); a replacement was pushed to the kiosk.
2026-08-05 14:29:52.729 +03:00 [INF] Expired 1 stale QR token(s); a replacement was pushed to the kiosk.
2026-08-05 14:30:07.736 +03:00 [INF] Expired 1 stale QR token(s); a replacement was pushed to the kiosk.
2026-08-05 14:30:22.744 +03:00 [INF] Expired 1 stale QR token(s); a replacement was pushed to the kiosk.
2026-08-05 14:30:42.741 +03:00 [INF] Expired 1 stale QR token(s); a replacement was pushed to the kiosk.
2026-08-05 14:31:02.735 +03:00 [INF] Expired 1 stale QR token(s); a replacement was pushed to the kiosk.
2026-08-05 14:31:22.738 +03:00 [INF] Expired 1 stale QR token(s); a replacement was pushed to the kiosk.
2026-08-05 14:31:42.735 +03:00 [INF] Expired 1 stale QR token(s); a replacement was pushed to the kiosk.
2026-08-05 14:31:57.738 +03:00 [INF] Expired 1 stale QR token(s); a replacement was pushed to the kiosk.
2026-08-05 14:32:17.731 +03:00 [INF] Expired 1 stale QR token(s); a replacement was pushed to the kiosk.
2026-08-05 14:32:32.744 +03:00 [INF] Expired 1 stale QR token(s); a replacement was pushed to the kiosk.
2026-08-05 14:32:52.733 +03:00 [INF] Expired 1 stale QR token(s); a replacement was pushed to the kiosk.
2026-08-05 14:33:12.732 +03:00 [INF] Expired 1 stale QR token(s); a replacement was pushed to the kiosk.
2026-08-05 14:33:31.683 +03:00 [INF] HTTP GET /hubs/attendance responded 101 in 2184059.8675 ms
2026-08-05 14:33:32.727 +03:00 [INF] Expired 1 stale QR token(s); a replacement was pushed to the kiosk.
2026-08-05 14:33:52.734 +03:00 [INF] Expired 1 stale QR token(s); a replacement was pushed to the kiosk.
2026-08-05 14:34:07.737 +03:00 [INF] Expired 1 stale QR token(s); a replacement was pushed to the kiosk.
2026-08-05 14:34:27.737 +03:00 [INF] Expired 1 stale QR token(s); a replacement was pushed to the kiosk.
2026-08-05 14:34:47.743 +03:00 [INF] Expired 1 stale QR token(s); a replacement was pushed to the kiosk.
2026-08-05 14:35:07.734 +03:00 [INF] Expired 1 stale QR token(s); a replacement was pushed to the kiosk.
2026-08-05 14:35:27.734 +03:00 [INF] Expired 1 stale QR token(s); a replacement was pushed to the kiosk.
2026-08-05 14:35:47.727 +03:00 [INF] Expired 1 stale QR token(s); a replacement was pushed to the kiosk.
2026-08-05 14:36:02.738 +03:00 [INF] Expired 1 stale QR token(s); a replacement was pushed to the kiosk.
2026-08-05 14:36:22.726 +03:00 [INF] Expired 1 stale QR token(s); a replacement was pushed to the kiosk.
2026-08-05 14:36:42.727 +03:00 [INF] Expired 1 stale QR token(s); a replacement was pushed to the kiosk.
2026-08-05 14:36:57.745 +03:00 [INF] Expired 1 stale QR token(s); a replacement was pushed to the kiosk.
2026-08-05 14:37:17.729 +03:00 [INF] Expired 1 stale QR token(s); a replacement was pushed to the kiosk.
2026-08-05 14:37:32.732 +03:00 [INF] Expired 1 stale QR token(s); a replacement was pushed to the kiosk.
2026-08-05 14:37:47.735 +03:00 [INF] Expired 1 stale QR token(s); a replacement was pushed to the kiosk.
2026-08-05 14:38:02.743 +03:00 [INF] Expired 1 stale QR token(s); a replacement was pushed to the kiosk.
2026-08-05 14:38:22.726 +03:00 [INF] Expired 1 stale QR token(s); a replacement was pushed to the kiosk.
2026-08-05 14:38:37.733 +03:00 [INF] Expired 1 stale QR token(s); a replacement was pushed to the kiosk.
2026-08-05 14:38:57.727 +03:00 [INF] Expired 1 stale QR token(s); a replacement was pushed to the kiosk.
2026-08-05 14:39:12.742 +03:00 [INF] Expired 1 stale QR token(s); a replacement was pushed to the kiosk.
2026-08-05 14:39:32.734 +03:00 [INF] Expired 1 stale QR token(s); a replacement was pushed to the kiosk.
2026-08-05 14:39:52.731 +03:00 [INF] Expired 1 stale QR token(s); a replacement was pushed to the kiosk.
2026-08-05 14:40:12.729 +03:00 [INF] Expired 1 stale QR token(s); a replacement was pushed to the kiosk.
2026-08-05 14:40:32.739 +03:00 [INF] Expired 1 stale QR token(s); a replacement was pushed to the kiosk.
2026-08-05 14:40:52.737 +03:00 [INF] Expired 1 stale QR token(s); a replacement was pushed to the kiosk.
2026-08-05 14:41:12.735 +03:00 [INF] Expired 1 stale QR token(s); a replacement was pushed to the kiosk.
2026-08-05 14:41:24.684 +03:00 [INF] HTTP GET /hubs/attendance responded 101 in 915864.3002 ms
2026-08-05 14:41:32.741 +03:00 [INF] Expired 1 stale QR token(s); a replacement was pushed to the kiosk.
2026-08-05 14:41:52.727 +03:00 [INF] Expired 1 stale QR token(s); a replacement was pushed to the kiosk.
2026-08-05 14:42:12.735 +03:00 [INF] Expired 1 stale QR token(s); a replacement was pushed to the kiosk.
2026-08-05 14:42:27.743 +03:00 [INF] Expired 1 stale QR token(s); a replacement was pushed to the kiosk.
2026-08-05 14:42:47.738 +03:00 [INF] Expired 1 stale QR token(s); a replacement was pushed to the kiosk.
2026-08-05 14:43:07.730 +03:00 [INF] Expired 1 stale QR token(s); a replacement was pushed to the kiosk.
2026-08-05 14:43:27.733 +03:00 [INF] Expired 1 stale QR token(s); a replacement was pushed to the kiosk.
2026-08-05 14:43:47.727 +03:00 [INF] Expired 1 stale QR token(s); a replacement was pushed to the kiosk.
2026-08-05 14:44:02.734 +03:00 [INF] Expired 1 stale QR token(s); a replacement was pushed to the kiosk.
2026-08-05 14:44:22.730 +03:00 [INF] Expired 1 stale QR token(s); a replacement was pushed to the kiosk.
2026-08-05 14:44:42.739 +03:00 [INF] Expired 1 stale QR token(s); a replacement was pushed to the kiosk.
2026-08-05 14:45:02.724 +03:00 [INF] Expired 1 stale QR token(s); a replacement was pushed to the kiosk.
2026-08-05 14:45:17.727 +03:00 [INF] Expired 1 stale QR token(s); a replacement was pushed to the kiosk.
2026-08-05 14:45:32.737 +03:00 [INF] Expired 1 stale QR token(s); a replacement was pushed to the kiosk.
2026-08-05 14:45:52.727 +03:00 [INF] Expired 1 stale QR token(s); a replacement was pushed to the kiosk.
2026-08-05 14:46:07.734 +03:00 [INF] Expired 1 stale QR token(s); a replacement was pushed to the kiosk.
2026-08-05 14:46:22.739 +03:00 [INF] Expired 1 stale QR token(s); a replacement was pushed to the kiosk.
2026-08-05 14:46:42.728 +03:00 [INF] Expired 1 stale QR token(s); a replacement was pushed to the kiosk.
2026-08-05 14:46:57.739 +03:00 [INF] Expired 1 stale QR token(s); a replacement was pushed to the kiosk.
2026-08-05 14:47:17.724 +03:00 [INF] Expired 1 stale QR token(s); a replacement was pushed to the kiosk.
2026-08-05 14:47:32.736 +03:00 [INF] Expired 1 stale QR token(s); a replacement was pushed to the kiosk.
2026-08-05 14:47:52.728 +03:00 [INF] Expired 1 stale QR token(s); a replacement was pushed to the kiosk.
2026-08-05 14:48:12.737 +03:00 [INF] Expired 1 stale QR token(s); a replacement was pushed to the kiosk.
2026-08-05 14:48:25.376 +03:00 [INF] Application is shutting down...
2026-08-05 15:48:26.834 +03:00 [WRN] The 'StaffStatus' property 'Status' on entity type 'Staff' is configured with a database-generated default, but has no configured sentinel value. The database-generated default will always be used for inserts when the property has the value 'Inactive', since this is the CLR default for the 'StaffStatus' type. Consider using a nullable type, using a nullable backing field, or setting the sentinel value for the property to ensure the database default is used when, and only when, appropriate. See https://aka.ms/efcore-docs-default-values for more information.
2026-08-05 15:48:28.353 +03:00 [INF] Kiosk QR deep-link base: http://192.168.1.19:4200/scan — phones must be able to reach this host.
2026-08-05 15:48:28.355 +03:00 [INF] Public Employee ID QR base URL: https://192.168.1.19:4200/employee-id — generated QR codes will resolve to this address.
2026-08-05 15:48:28.397 +03:00 [INF] QR token expiry sweep started (interval 5s).
2026-08-05 15:48:28.428 +03:00 [INF] Now listening on: http://0.0.0.0:5080
2026-08-05 15:48:28.429 +03:00 [INF] Application started. Press Ctrl+C to shut down.
2026-08-05 15:48:28.429 +03:00 [INF] Hosting environment: Development
2026-08-05 15:48:28.430 +03:00 [INF] Content root path: C:\employer\src\Attendance.Api
2026-08-05 15:48:33.603 +03:00 [INF] HTTP POST /api/auth/login responded 200 in 436.3773 ms
2026-08-05 15:48:33.915 +03:00 [INF] HTTP GET /api/staff responded 200 in 254.0961 ms
2026-08-05 15:48:33.942 +03:00 [INF] Expired 1 stale QR token(s); a replacement was pushed to the kiosk.
2026-08-05 15:48:37.577 +03:00 [INF] HTTP POST /hubs/attendance/negotiate responded 200 in 9.5092 ms
2026-08-05 15:48:37.873 +03:00 [INF] HTTP GET /api/reports/live-dashboard responded 200 in 101.0367 ms
2026-08-05 15:48:40.041 +03:00 [INF] HTTP GET /api/reports/payroll responded 200 in 55.1379 ms
2026-08-05 15:48:53.436 +03:00 [INF] Expired 1 stale QR token(s); a replacement was pushed to the kiosk.
2026-08-05 15:48:55.490 +03:00 [INF] HTTP GET /api/staff responded 200 in 8.8773 ms
2026-08-05 15:48:57.649 +03:00 [INF] HTTP GET /api/slots responded 200 in 43.8787 ms
2026-08-05 15:48:59.838 +03:00 [INF] HTTP GET /api/reports/daily responded 200 in 30.0973 ms
2026-08-05 15:49:07.766 +03:00 [INF] HTTP POST /hubs/attendance/negotiate responded 200 in 1.2308 ms
2026-08-05 15:49:13.429 +03:00 [INF] Expired 1 stale QR token(s); a replacement was pushed to the kiosk.
2026-08-05 15:49:33.167 +03:00 [INF] HTTP GET /api/reports/live-dashboard responded 200 in 7.8364 ms
2026-08-05 15:49:33.439 +03:00 [INF] Expired 1 stale QR token(s); a replacement was pushed to the kiosk.
2026-08-05 15:49:36.094 +03:00 [INF] HTTP GET /api/reports/payroll responded 200 in 8.4529 ms
2026-08-05 15:49:48.436 +03:00 [INF] Expired 1 stale QR token(s); a replacement was pushed to the kiosk.
2026-08-05 15:50:08.431 +03:00 [INF] Expired 1 stale QR token(s); a replacement was pushed to the kiosk.
2026-08-05 15:50:28.429 +03:00 [INF] Expired 1 stale QR token(s); a replacement was pushed to the kiosk.
2026-08-05 15:50:48.412 +03:00 [INF] Expired 1 stale QR token(s); a replacement was pushed to the kiosk.
2026-08-05 15:51:03.426 +03:00 [INF] Expired 1 stale QR token(s); a replacement was pushed to the kiosk.
2026-08-05 15:51:09.775 +03:00 [INF] HTTP GET /api/reports/payroll/export responded 200 in 4407.6780 ms
2026-08-05 15:51:23.425 +03:00 [INF] Expired 1 stale QR token(s); a replacement was pushed to the kiosk.
2026-08-05 15:51:43.413 +03:00 [INF] Expired 1 stale QR token(s); a replacement was pushed to the kiosk.
2026-08-05 15:51:58.428 +03:00 [INF] Expired 1 stale QR token(s); a replacement was pushed to the kiosk.
2026-08-05 15:52:18.417 +03:00 [INF] Expired 1 stale QR token(s); a replacement was pushed to the kiosk.
2026-08-05 15:52:38.428 +03:00 [INF] Expired 1 stale QR token(s); a replacement was pushed to the kiosk.
2026-08-05 15:52:51.969 +03:00 [INF] HTTP GET /api/reports/payroll/export responded 200 in 5.5323 ms
2026-08-05 15:52:58.408 +03:00 [INF] Expired 1 stale QR token(s); a replacement was pushed to the kiosk.
2026-08-05 15:53:13.421 +03:00 [INF] Expired 1 stale QR token(s); a replacement was pushed to the kiosk.
2026-08-05 15:53:33.419 +03:00 [INF] Expired 1 stale QR token(s); a replacement was pushed to the kiosk.
2026-08-05 15:53:48.425 +03:00 [INF] Expired 1 stale QR token(s); a replacement was pushed to the kiosk.
2026-08-05 15:54:08.413 +03:00 [INF] Expired 1 stale QR token(s); a replacement was pushed to the kiosk.
2026-08-05 15:54:23.427 +03:00 [INF] Expired 1 stale QR token(s); a replacement was pushed to the kiosk.
2026-08-05 15:54:34.222 +03:00 [INF] HTTP GET /api/reports/daily responded 200 in 4.6438 ms
2026-08-05 15:54:43.418 +03:00 [INF] Expired 1 stale QR token(s); a replacement was pushed to the kiosk.
2026-08-05 15:55:03.423 +03:00 [INF] Expired 1 stale QR token(s); a replacement was pushed to the kiosk.
2026-08-05 15:55:04.574 +03:00 [INF] HTTP PUT /api/reports/absence-reason responded 204 in 99.5123 ms
2026-08-05 15:55:04.595 +03:00 [ERR] Failed executing DbCommand (6ms) [Parameters=[@fromDate='?' (DbType = Date), @toDate='?' (DbType = Date)], CommandType='"Text"', CommandTimeout='30']
SELECT [a].[AttendanceLogId], [a].[StaffId], [a].[SlotId], [a].[EventTimestamp], [a].[EventDate], CAST(CAST([a].[StatusFlag] AS tinyint) AS tinyint), [a].[AbsenceReason]
FROM [AttendanceLog] AS [a]
WHERE [a].[EventDate] >= @fromDate AND [a].[EventDate] <= @toDate
2026-08-05 15:55:04.616 +03:00 [ERR] An exception occurred while iterating over the results of a query for context type 'Attendance.Infrastructure.Data.ApplicationDbContext'.
System.InvalidOperationException: Invalid operation. The connection is closed.
   at System.Threading.Tasks.ContinuationResultTaskFromResultTask`2.InnerInvoke()
   at System.Threading.ExecutionContext.RunInternal(ExecutionContext executionContext, ContextCallback callback, Object state)
--- End of stack trace from previous location ---
   at System.Threading.ExecutionContext.RunInternal(ExecutionContext executionContext, ContextCallback callback, Object state)
   at System.Threading.Tasks.Task.ExecuteWithThreadLocal(Task& currentTaskSlot, Thread threadPoolThread)
--- End of stack trace from previous location ---
   at Microsoft.EntityFrameworkCore.Storage.RelationalCommand.ExecuteReaderAsync(RelationalCommandParameterObject parameterObject, CancellationToken cancellationToken)
   at Microsoft.EntityFrameworkCore.Storage.RelationalCommand.ExecuteReaderAsync(RelationalCommandParameterObject parameterObject, CancellationToken cancellationToken)
   at Microsoft.EntityFrameworkCore.Query.Internal.SingleQueryingEnumerable`1.AsyncEnumerator.InitializeReaderAsync(AsyncEnumerator enumerator, CancellationToken cancellationToken)
   at Microsoft.EntityFrameworkCore.SqlServer.Storage.Internal.SqlServerExecutionStrategy.ExecuteAsync[TState,TResult](TState state, Func`4 operation, Func`4 verifySucceeded, CancellationToken cancellationToken)
   at Microsoft.EntityFrameworkCore.Query.Internal.SingleQueryingEnumerable`1.AsyncEnumerator.MoveNextAsync()
System.InvalidOperationException: Invalid operation. The connection is closed.
   at System.Threading.Tasks.ContinuationResultTaskFromResultTask`2.InnerInvoke()
   at System.Threading.ExecutionContext.RunInternal(ExecutionContext executionContext, ContextCallback callback, Object state)
--- End of stack trace from previous location ---
   at System.Threading.ExecutionContext.RunInternal(ExecutionContext executionContext, ContextCallback callback, Object state)
   at System.Threading.Tasks.Task.ExecuteWithThreadLocal(Task& currentTaskSlot, Thread threadPoolThread)
--- End of stack trace from previous location ---
   at Microsoft.EntityFrameworkCore.Storage.RelationalCommand.ExecuteReaderAsync(RelationalCommandParameterObject parameterObject, CancellationToken cancellationToken)
   at Microsoft.EntityFrameworkCore.Storage.RelationalCommand.ExecuteReaderAsync(RelationalCommandParameterObject parameterObject, CancellationToken cancellationToken)
   at Microsoft.EntityFrameworkCore.Query.Internal.SingleQueryingEnumerable`1.AsyncEnumerator.InitializeReaderAsync(AsyncEnumerator enumerator, CancellationToken cancellationToken)
   at Microsoft.EntityFrameworkCore.SqlServer.Storage.Internal.SqlServerExecutionStrategy.ExecuteAsync[TState,TResult](TState state, Func`4 operation, Func`4 verifySucceeded, CancellationToken cancellationToken)
   at Microsoft.EntityFrameworkCore.Query.Internal.SingleQueryingEnumerable`1.AsyncEnumerator.MoveNextAsync()
2026-08-05 15:55:05.305 +03:00 [INF] HTTP GET /api/reports/daily responded 200 in 87.9487 ms
2026-08-05 15:55:06.833 +03:00 [INF] HTTP GET /api/reports/live-dashboard responded 200 in 6.7624 ms
2026-08-05 15:55:15.019 +03:00 [INF] HTTP GET /api/reports/payroll responded 200 in 3.4058 ms
2026-08-05 15:55:23.427 +03:00 [INF] Expired 1 stale QR token(s); a replacement was pushed to the kiosk.
2026-08-05 15:55:43.421 +03:00 [INF] Expired 1 stale QR token(s); a replacement was pushed to the kiosk.
2026-08-05 15:56:03.414 +03:00 [INF] Expired 1 stale QR token(s); a replacement was pushed to the kiosk.
2026-08-05 15:56:07.274 +03:00 [INF] HTTP GET /api/reports/daily responded 200 in 5.3153 ms
2026-08-05 15:56:12.615 +03:00 [INF] HTTP GET /api/reports/daily/export responded 200 in 691.0100 ms
2026-08-05 15:56:15.777 +03:00 [INF] HTTP GET /api/reports/daily/export responded 200 in 29.0292 ms
2026-08-05 15:56:23.419 +03:00 [INF] Expired 1 stale QR token(s); a replacement was pushed to the kiosk.
2026-08-05 15:56:32.081 +03:00 [INF] HTTP GET /api/reports/daily/export responded 200 in 14.6664 ms
2026-08-05 15:56:43.415 +03:00 [INF] Expired 1 stale QR token(s); a replacement was pushed to the kiosk.
2026-08-05 15:56:58.422 +03:00 [INF] Expired 1 stale QR token(s); a replacement was pushed to the kiosk.
2026-08-05 15:57:18.420 +03:00 [INF] Expired 1 stale QR token(s); a replacement was pushed to the kiosk.
2026-08-05 15:57:38.440 +03:00 [INF] Expired 1 stale QR token(s); a replacement was pushed to the kiosk.
2026-08-05 15:57:58.435 +03:00 [INF] Expired 1 stale QR token(s); a replacement was pushed to the kiosk.
2026-08-05 15:58:18.418 +03:00 [INF] Expired 1 stale QR token(s); a replacement was pushed to the kiosk.
2026-08-05 15:58:33.426 +03:00 [INF] Expired 1 stale QR token(s); a replacement was pushed to the kiosk.
2026-08-05 15:58:53.437 +03:00 [INF] Expired 1 stale QR token(s); a replacement was pushed to the kiosk.
2026-08-05 15:59:13.415 +03:00 [INF] Expired 1 stale QR token(s); a replacement was pushed to the kiosk.
2026-08-05 15:59:28.425 +03:00 [INF] Expired 1 stale QR token(s); a replacement was pushed to the kiosk.
2026-08-05 15:59:48.413 +03:00 [INF] Expired 1 stale QR token(s); a replacement was pushed to the kiosk.
2026-08-05 16:00:03.418 +03:00 [INF] Expired 1 stale QR token(s); a replacement was pushed to the kiosk.
2026-08-05 16:00:23.416 +03:00 [INF] Expired 1 stale QR token(s); a replacement was pushed to the kiosk.
2026-08-05 16:00:43.415 +03:00 [INF] Expired 1 stale QR token(s); a replacement was pushed to the kiosk.
2026-08-05 16:01:03.427 +03:00 [INF] Expired 1 stale QR token(s); a replacement was pushed to the kiosk.
2026-08-05 16:01:23.414 +03:00 [INF] Expired 1 stale QR token(s); a replacement was pushed to the kiosk.
2026-08-05 16:01:43.425 +03:00 [INF] Expired 1 stale QR token(s); a replacement was pushed to the kiosk.
2026-08-05 16:02:03.418 +03:00 [INF] Expired 1 stale QR token(s); a replacement was pushed to the kiosk.
2026-08-05 16:02:23.414 +03:00 [INF] Expired 1 stale QR token(s); a replacement was pushed to the kiosk.
2026-08-05 16:02:38.427 +03:00 [INF] Expired 1 stale QR token(s); a replacement was pushed to the kiosk.
2026-08-05 16:02:58.415 +03:00 [INF] Expired 1 stale QR token(s); a replacement was pushed to the kiosk.
2026-08-05 16:03:18.420 +03:00 [INF] Expired 1 stale QR token(s); a replacement was pushed to the kiosk.
2026-08-05 16:03:38.418 +03:00 [INF] Expired 1 stale QR token(s); a replacement was pushed to the kiosk.
2026-08-05 16:03:58.416 +03:00 [INF] Expired 1 stale QR token(s); a replacement was pushed to the kiosk.
2026-08-05 16:04:13.421 +03:00 [INF] Expired 1 stale QR token(s); a replacement was pushed to the kiosk.
2026-08-05 16:04:33.427 +03:00 [INF] Expired 1 stale QR token(s); a replacement was pushed to the kiosk.
2026-08-05 16:04:53.426 +03:00 [INF] Expired 1 stale QR token(s); a replacement was pushed to the kiosk.
2026-08-05 16:05:13.418 +03:00 [INF] Expired 1 stale QR token(s); a replacement was pushed to the kiosk.
2026-08-05 16:05:33.418 +03:00 [INF] Expired 1 stale QR token(s); a replacement was pushed to the kiosk.
2026-08-05 16:05:45.342 +03:00 [INF] HTTP GET /hubs/attendance responded 101 in 996939.4532 ms
2026-08-05 16:05:53.420 +03:00 [INF] Expired 1 stale QR token(s); a replacement was pushed to the kiosk.
2026-08-05 16:06:13.422 +03:00 [INF] Expired 1 stale QR token(s); a replacement was pushed to the kiosk.
2026-08-05 16:06:33.425 +03:00 [INF] Expired 1 stale QR token(s); a replacement was pushed to the kiosk.
2026-08-05 16:06:53.416 +03:00 [INF] Expired 1 stale QR token(s); a replacement was pushed to the kiosk.
2026-08-05 16:07:08.427 +03:00 [INF] Expired 1 stale QR token(s); a replacement was pushed to the kiosk.
2026-08-05 16:07:28.423 +03:00 [INF] Expired 1 stale QR token(s); a replacement was pushed to the kiosk.
2026-08-05 16:07:48.413 +03:00 [INF] Expired 1 stale QR token(s); a replacement was pushed to the kiosk.
2026-08-05 16:08:03.586 +03:00 [INF] Expired 1 stale QR token(s); a replacement was pushed to the kiosk.
2026-08-05 16:08:23.407 +03:00 [INF] Expired 1 stale QR token(s); a replacement was pushed to the kiosk.
2026-08-05 16:08:38.418 +03:00 [INF] Expired 1 stale QR token(s); a replacement was pushed to the kiosk.
2026-08-05 16:08:53.422 +03:00 [INF] Expired 1 stale QR token(s); a replacement was pushed to the kiosk.
2026-08-05 16:09:13.408 +03:00 [INF] Expired 1 stale QR token(s); a replacement was pushed to the kiosk.
2026-08-05 16:09:28.413 +03:00 [INF] Expired 1 stale QR token(s); a replacement was pushed to the kiosk.
2026-08-05 16:09:48.416 +03:00 [INF] Expired 1 stale QR token(s); a replacement was pushed to the kiosk.
2026-08-05 16:10:08.420 +03:00 [INF] Expired 1 stale QR token(s); a replacement was pushed to the kiosk.
2026-08-05 16:10:28.410 +03:00 [INF] Expired 1 stale QR token(s); a replacement was pushed to the kiosk.
2026-08-05 16:10:43.421 +03:00 [INF] Expired 1 stale QR token(s); a replacement was pushed to the kiosk.
2026-08-05 16:11:03.418 +03:00 [INF] Expired 1 stale QR token(s); a replacement was pushed to the kiosk.
2026-08-05 16:11:23.416 +03:00 [INF] Expired 1 stale QR token(s); a replacement was pushed to the kiosk.
2026-08-05 16:11:38.424 +03:00 [INF] Expired 1 stale QR token(s); a replacement was pushed to the kiosk.
2026-08-05 16:11:58.414 +03:00 [INF] Expired 1 stale QR token(s); a replacement was pushed to the kiosk.
2026-08-05 16:12:18.410 +03:00 [INF] Expired 1 stale QR token(s); a replacement was pushed to the kiosk.
2026-08-05 16:12:38.412 +03:00 [INF] Expired 1 stale QR token(s); a replacement was pushed to the kiosk.
2026-08-05 16:12:53.421 +03:00 [INF] Expired 1 stale QR token(s); a replacement was pushed to the kiosk.
2026-08-05 16:13:13.419 +03:00 [INF] Expired 1 stale QR token(s); a replacement was pushed to the kiosk.
2026-08-05 16:13:33.422 +03:00 [INF] Expired 1 stale QR token(s); a replacement was pushed to the kiosk.
2026-08-05 16:13:53.416 +03:00 [INF] Expired 1 stale QR token(s); a replacement was pushed to the kiosk.
2026-08-05 16:14:08.422 +03:00 [INF] Expired 1 stale QR token(s); a replacement was pushed to the kiosk.
2026-08-05 16:14:19.342 +03:00 [INF] HTTP GET /hubs/attendance responded 101 in 1541138.2293 ms
2026-08-05 16:14:28.419 +03:00 [INF] Expired 1 stale QR token(s); a replacement was pushed to the kiosk.
2026-08-05 16:14:43.440 +03:00 [INF] Expired 1 stale QR token(s); a replacement was pushed to the kiosk.
2026-08-05 16:15:03.420 +03:00 [INF] Expired 1 stale QR token(s); a replacement was pushed to the kiosk.
2026-08-05 16:15:23.423 +03:00 [INF] Expired 1 stale QR token(s); a replacement was pushed to the kiosk.
2026-08-05 16:15:43.419 +03:00 [INF] Expired 1 stale QR token(s); a replacement was pushed to the kiosk.
2026-08-05 16:16:03.421 +03:00 [INF] Expired 1 stale QR token(s); a replacement was pushed to the kiosk.
2026-08-05 16:16:23.413 +03:00 [INF] Expired 1 stale QR token(s); a replacement was pushed to the kiosk.
2026-08-05 16:16:43.417 +03:00 [INF] Expired 1 stale QR token(s); a replacement was pushed to the kiosk.
2026-08-05 16:17:03.423 +03:00 [INF] Expired 1 stale QR token(s); a replacement was pushed to the kiosk.
2026-08-05 16:17:23.415 +03:00 [INF] Expired 1 stale QR token(s); a replacement was pushed to the kiosk.
2026-08-05 16:17:43.416 +03:00 [INF] Expired 1 stale QR token(s); a replacement was pushed to the kiosk.
2026-08-05 16:17:58.423 +03:00 [INF] Expired 1 stale QR token(s); a replacement was pushed to the kiosk.
2026-08-05 16:18:18.415 +03:00 [INF] Expired 1 stale QR token(s); a replacement was pushed to the kiosk.
2026-08-05 16:18:38.421 +03:00 [INF] Expired 1 stale QR token(s); a replacement was pushed to the kiosk.
2026-08-05 16:18:58.414 +03:00 [INF] Expired 1 stale QR token(s); a replacement was pushed to the kiosk.
2026-08-05 16:19:18.427 +03:00 [INF] Expired 1 stale QR token(s); a replacement was pushed to the kiosk.
2026-08-05 16:19:38.418 +03:00 [INF] Expired 1 stale QR token(s); a replacement was pushed to the kiosk.
2026-08-05 16:19:58.412 +03:00 [INF] Expired 1 stale QR token(s); a replacement was pushed to the kiosk.
2026-08-05 16:20:13.426 +03:00 [INF] Expired 1 stale QR token(s); a replacement was pushed to the kiosk.
2026-08-05 16:20:33.429 +03:00 [INF] Expired 1 stale QR token(s); a replacement was pushed to the kiosk.
2026-08-05 16:20:51.197 +03:00 [INF] HTTP POST /hubs/attendance/negotiate responded 200 in 0.3577 ms
2026-08-05 16:20:53.199 +03:00 [INF] HTTP POST /hubs/attendance/negotiate responded 200 in 0.4940 ms
2026-08-05 16:20:53.424 +03:00 [INF] Expired 1 stale QR token(s); a replacement was pushed to the kiosk.
2026-08-05 16:20:54.055 +03:00 [INF] HTTP GET /hubs/attendance responded 101 in 218.2466 ms
2026-08-05 16:21:13.428 +03:00 [INF] Expired 1 stale QR token(s); a replacement was pushed to the kiosk.
2026-08-05 16:21:33.410 +03:00 [INF] Expired 1 stale QR token(s); a replacement was pushed to the kiosk.
2026-08-05 16:21:53.416 +03:00 [INF] Expired 1 stale QR token(s); a replacement was pushed to the kiosk.
2026-08-05 16:22:08.421 +03:00 [INF] Expired 1 stale QR token(s); a replacement was pushed to the kiosk.
2026-08-05 16:22:28.412 +03:00 [INF] Expired 1 stale QR token(s); a replacement was pushed to the kiosk.
2026-08-05 16:22:43.424 +03:00 [INF] Expired 1 stale QR token(s); a replacement was pushed to the kiosk.
